../Src/cpal_i2c_hal_stm32f4xx.c:184:6:CPAL_I2C_HAL_CLKInit	16	static
../Src/cpal_i2c_hal_stm32f4xx.c:199:6:CPAL_I2C_HAL_CLKDeInit	16	static
../Src/cpal_i2c_hal_stm32f4xx.c:214:6:CPAL_I2C_HAL_GPIOInit	24	static
../Src/cpal_i2c_hal_stm32f4xx.c:257:6:CPAL_I2C_HAL_GPIODeInit	24	static
../Src/cpal_i2c_hal_stm32f4xx.c:452:6:CPAL_I2C_HAL_ITInit	24	static
../Src/cpal_i2c_hal_stm32f4xx.c:576:6:CPAL_I2C_HAL_ITDeInit	24	static
../Src/cpal_i2c_hal_stm32f4xx.c:638:10:I2C1_EV_IRQHandler	8	static
../Src/cpal_i2c_hal_stm32f4xx.c:650:10:I2C1_ER_IRQHandler	8	static
