Archive member included to satisfy reference by file (symbol)

C:/ST/STM32CubeIDE_1.14.0/STM32CubeIDE/plugins/com.st.stm32cube.ide.mcu.externaltools.gnu-tools-for-stm32.11.3.rel1.win32_1.1.100.202309141235/tools/bin/../lib/gcc/arm-none-eabi/11.3.1/../../../../arm-none-eabi/lib/thumb/v7e-m+fp/hard\libc_nano.a(libc_a-exit.o)
                              C:/ST/STM32CubeIDE_1.14.0/STM32CubeIDE/plugins/com.st.stm32cube.ide.mcu.externaltools.gnu-tools-for-stm32.11.3.rel1.win32_1.1.100.202309141235/tools/bin/../lib/gcc/arm-none-eabi/11.3.1/../../../../arm-none-eabi/lib/thumb/v7e-m+fp/hard/crt0.o (exit)
C:/ST/STM32CubeIDE_1.14.0/STM32CubeIDE/plugins/com.st.stm32cube.ide.mcu.externaltools.gnu-tools-for-stm32.11.3.rel1.win32_1.1.100.202309141235/tools/bin/../lib/gcc/arm-none-eabi/11.3.1/../../../../arm-none-eabi/lib/thumb/v7e-m+fp/hard\libc_nano.a(libc_a-findfp.o)
                              C:/ST/STM32CubeIDE_1.14.0/STM32CubeIDE/plugins/com.st.stm32cube.ide.mcu.externaltools.gnu-tools-for-stm32.11.3.rel1.win32_1.1.100.202309141235/tools/bin/../lib/gcc/arm-none-eabi/11.3.1/../../../../arm-none-eabi/lib/thumb/v7e-m+fp/hard\libc_nano.a(libc_a-exit.o) (__stdio_exit_handler)
C:/ST/STM32CubeIDE_1.14.0/STM32CubeIDE/plugins/com.st.stm32cube.ide.mcu.externaltools.gnu-tools-for-stm32.11.3.rel1.win32_1.1.100.202309141235/tools/bin/../lib/gcc/arm-none-eabi/11.3.1/../../../../arm-none-eabi/lib/thumb/v7e-m+fp/hard\libc_nano.a(libc_a-fwalk.o)
                              C:/ST/STM32CubeIDE_1.14.0/STM32CubeIDE/plugins/com.st.stm32cube.ide.mcu.externaltools.gnu-tools-for-stm32.11.3.rel1.win32_1.1.100.202309141235/tools/bin/../lib/gcc/arm-none-eabi/11.3.1/../../../../arm-none-eabi/lib/thumb/v7e-m+fp/hard\libc_nano.a(libc_a-findfp.o) (_fwalk_sglue)
C:/ST/STM32CubeIDE_1.14.0/STM32CubeIDE/plugins/com.st.stm32cube.ide.mcu.externaltools.gnu-tools-for-stm32.11.3.rel1.win32_1.1.100.202309141235/tools/bin/../lib/gcc/arm-none-eabi/11.3.1/../../../../arm-none-eabi/lib/thumb/v7e-m+fp/hard\libc_nano.a(libc_a-stdio.o)
                              C:/ST/STM32CubeIDE_1.14.0/STM32CubeIDE/plugins/com.st.stm32cube.ide.mcu.externaltools.gnu-tools-for-stm32.11.3.rel1.win32_1.1.100.202309141235/tools/bin/../lib/gcc/arm-none-eabi/11.3.1/../../../../arm-none-eabi/lib/thumb/v7e-m+fp/hard\libc_nano.a(libc_a-findfp.o) (__sread)
C:/ST/STM32CubeIDE_1.14.0/STM32CubeIDE/plugins/com.st.stm32cube.ide.mcu.externaltools.gnu-tools-for-stm32.11.3.rel1.win32_1.1.100.202309141235/tools/bin/../lib/gcc/arm-none-eabi/11.3.1/../../../../arm-none-eabi/lib/thumb/v7e-m+fp/hard\libc_nano.a(libc_a-memset.o)
                              C:/ST/STM32CubeIDE_1.14.0/STM32CubeIDE/plugins/com.st.stm32cube.ide.mcu.externaltools.gnu-tools-for-stm32.11.3.rel1.win32_1.1.100.202309141235/tools/bin/../lib/gcc/arm-none-eabi/11.3.1/../../../../arm-none-eabi/lib/thumb/v7e-m+fp/hard/crt0.o (memset)
C:/ST/STM32CubeIDE_1.14.0/STM32CubeIDE/plugins/com.st.stm32cube.ide.mcu.externaltools.gnu-tools-for-stm32.11.3.rel1.win32_1.1.100.202309141235/tools/bin/../lib/gcc/arm-none-eabi/11.3.1/../../../../arm-none-eabi/lib/thumb/v7e-m+fp/hard\libc_nano.a(libc_a-closer.o)
                              C:/ST/STM32CubeIDE_1.14.0/STM32CubeIDE/plugins/com.st.stm32cube.ide.mcu.externaltools.gnu-tools-for-stm32.11.3.rel1.win32_1.1.100.202309141235/tools/bin/../lib/gcc/arm-none-eabi/11.3.1/../../../../arm-none-eabi/lib/thumb/v7e-m+fp/hard\libc_nano.a(libc_a-stdio.o) (_close_r)
C:/ST/STM32CubeIDE_1.14.0/STM32CubeIDE/plugins/com.st.stm32cube.ide.mcu.externaltools.gnu-tools-for-stm32.11.3.rel1.win32_1.1.100.202309141235/tools/bin/../lib/gcc/arm-none-eabi/11.3.1/../../../../arm-none-eabi/lib/thumb/v7e-m+fp/hard\libc_nano.a(libc_a-reent.o)
                              C:/ST/STM32CubeIDE_1.14.0/STM32CubeIDE/plugins/com.st.stm32cube.ide.mcu.externaltools.gnu-tools-for-stm32.11.3.rel1.win32_1.1.100.202309141235/tools/bin/../lib/gcc/arm-none-eabi/11.3.1/../../../../arm-none-eabi/lib/thumb/v7e-m+fp/hard\libc_nano.a(libc_a-closer.o) (errno)
C:/ST/STM32CubeIDE_1.14.0/STM32CubeIDE/plugins/com.st.stm32cube.ide.mcu.externaltools.gnu-tools-for-stm32.11.3.rel1.win32_1.1.100.202309141235/tools/bin/../lib/gcc/arm-none-eabi/11.3.1/../../../../arm-none-eabi/lib/thumb/v7e-m+fp/hard\libc_nano.a(libc_a-impure.o)
                              C:/ST/STM32CubeIDE_1.14.0/STM32CubeIDE/plugins/com.st.stm32cube.ide.mcu.externaltools.gnu-tools-for-stm32.11.3.rel1.win32_1.1.100.202309141235/tools/bin/../lib/gcc/arm-none-eabi/11.3.1/../../../../arm-none-eabi/lib/thumb/v7e-m+fp/hard\libc_nano.a(libc_a-reent.o) (_impure_ptr)
C:/ST/STM32CubeIDE_1.14.0/STM32CubeIDE/plugins/com.st.stm32cube.ide.mcu.externaltools.gnu-tools-for-stm32.11.3.rel1.win32_1.1.100.202309141235/tools/bin/../lib/gcc/arm-none-eabi/11.3.1/../../../../arm-none-eabi/lib/thumb/v7e-m+fp/hard\libc_nano.a(libc_a-lseekr.o)
[...]
Memory Configuration

Name             Origin             Length             Attributes
CCMRAM           0x0000000010000000 0x0000000000010000 xrw
RAM              0x0000000020000000 0x0000000000020000 xrw
FLASH            0x0000000008000000 0x0000000000100000 xr
*default*        0x0000000000000000 0xffffffffffffffff

Linker script and memory map

LOAD C:/ST/STM32CubeIDE_1.14.0/STM32CubeIDE/plugins/com.st.stm32cube.ide.mcu.externaltools.gnu-tools-for-stm32.11.3.rel1.win32_1.1.100.202309141235/tools/bin/../lib/gcc/arm-none-eabi/11.3.1/thumb/v7e-m+fp/hard/crti.o
LOAD C:/ST/STM32CubeIDE_1.14.0/STM32CubeIDE/plugins/com.st.stm32cube.ide.mcu.externaltools.gnu-tools-for-stm32.11.3.rel1.win32_1.1.100.202309141235/tools/bin/../lib/gcc/arm-none-eabi/11.3.1/thumb/v7e-m+fp/hard/crtbegin.o
LOAD C:/ST/STM32CubeIDE_1.14.0/STM32CubeIDE/plugins/com.st.stm32cube.ide.mcu.externaltools.gnu-tools-for-stm32.11.3.rel1.win32_1.1.100.202309141235/tools/bin/../lib/gcc/arm-none-eabi/11.3.1/../../../../arm-none-eabi/lib/thumb/v7e-m+fp/hard/crt0.o
LOAD ./Src/cpal_hal.o
LOAD ./Src/cpal_i2c.o
LOAD ./Src/cpal_i2c_hal_stm32f4xx.o
LOAD ./Src/cpal_usercallback.o
LOAD ./Src/main.o
LOAD ./Src/misc.o
LOAD ./Src/stm32f4xx_adc.o
LOAD ./Src/stm32f4xx_can.o
LOAD ./Src/stm32f4xx_crc.o
LOAD ./Src/stm32f4xx_cryp.o
LOAD ./Src/stm32f4xx_cryp_aes.o
LOAD ./Src/stm32f4xx_cryp_des.o
LOAD ./Src/stm32f4xx_cryp_tdes.o
LOAD ./Src/stm32f4xx_dac.o
LOAD ./Src/stm32f4xx_dbgmcu.o
LOAD ./Src/stm32f4xx_dcmi.o
LOAD ./Src/stm32f4xx_dma.o
LOAD ./Src/stm32f4xx_exti.o
LOAD ./Src/stm32f4xx_flash.o
LOAD ./Src/stm32f4xx_fsmc.o
LOAD ./Src/stm32f4xx_gpio.o
LOAD ./Src/stm32f4xx_hash.o
LOAD ./Src/stm32f4xx_hash_md5.o
LOAD ./Src/stm32f4xx_hash_sha1.o
LOAD ./Src/stm32f4xx_i2c.o
LOAD ./Src/stm32f4xx_iwdg.o
LOAD ./Src/stm32f4xx_pwr.o
LOAD ./Src/stm32f4xx_rcc.o
LOAD ./Src/stm32f4xx_rng.o
LOAD ./Src/stm32f4xx_rtc.o
LOAD ./Src/stm32f4xx_sdio.o
LOAD ./Src/stm32f4xx_spi.o
LOAD ./Src/stm32f4xx_syscfg.o
LOAD ./Src/stm32f4xx_tim.o
LOAD ./Src/stm32f4xx_usart.o
LOAD ./Src/stm32f4xx_wwdg.o
LOAD ./Src/syscalls.o
LOAD ./Src/sysmem.o
LOAD ./Src/system_stm32f4xx.o
LOAD ./Startup/startup_stm32f407vgtx.o
START GROUP
LOAD C:/ST/STM32CubeIDE_1.14.0/STM32CubeIDE/plugins/com.st.stm32cube.ide.mcu.externaltools.gnu-tools-for-stm32.11.3.rel1.win32_1.1.100.202309141235/tools/bin/../lib/gcc/arm-none-eabi/11.3.1/../../../../arm-none-eabi/lib/thumb/v7e-m+fp/hard\libc_nano.a
LOAD C:/ST/STM32CubeIDE_1.14.0/STM32CubeIDE/plugins/com.st.stm32cube.ide.mcu.externaltools.gnu-tools-for-stm32.11.3.rel1.win32_1.1.100.202309141235/tools/bin/../lib/gcc/arm-none-eabi/11.3.1/../../../../arm-none-eabi/lib/thumb/v7e-m+fp/hard\libm.a
END GROUP
START GROUP
LOAD C:/ST/STM32CubeIDE_1.14.0/STM32CubeIDE/plugins/com.st.stm32cube.ide.mcu.externaltools.gnu-tools-for-stm32.11.3.rel1.win32_1.1.100.202309141235/tools/bin/../lib/gcc/arm-none-eabi/11.3.1/thumb/v7e-m+fp/hard\libgcc.a
LOAD C:/ST/STM32CubeIDE_1.14.0/STM32CubeIDE/plugins/com.st.stm32cube.ide.mcu.externaltools.gnu-tools-for-stm32.11.3.rel1.win32_1.1.100.202309141235/tools/bin/../lib/gcc/arm-none-eabi/11.3.1/../../../../arm-none-eabi/lib/thumb/v7e-m+fp/hard\libc_nano.a
END GROUP
START GROUP
LOAD C:/ST/STM32CubeIDE_1.14.0/STM32CubeIDE/plugins/com.st.stm32cube.ide.mcu.externaltools.gnu-tools-for-stm32.11.3.rel1.win32_1.1.100.202309141235/tools/bin/../lib/gcc/arm-none-eabi/11.3.1/thumb/v7e-m+fp/hard\libgcc.a
LOAD C:/ST/STM32CubeIDE_1.14.0/STM32CubeIDE/plugins/com.st.stm32cube.ide.mcu.externaltools.gnu-tools-for-stm32.11.3.rel1.win32_1.1.100.202309141235/tools/bin/../lib/gcc/arm-none-eabi/11.3.1/../../../../arm-none-eabi/lib/thumb/v7e-m+fp/hard\libc_nano.a
LOAD C:/ST/STM32CubeIDE_1.14.0/STM32CubeIDE/plugins/com.st.stm32cube.ide.mcu.externaltools.gnu-tools-for-stm32.11.3.rel1.win32_1.1.100.202309141235/tools/bin/../lib/gcc/arm-none-eabi/11.3.1/../../../../arm-none-eabi/lib/thumb/v7e-m+fp/hard\libnosys.a
END GROUP
START GROUP
LOAD C:/ST/STM32CubeIDE_1.14.0/STM32CubeIDE/plugins/com.st.stm32cube.ide.mcu.externaltools.gnu-tools-for-stm32.11.3.rel1.win32_1.1.100.202309141235/tools/bin/../lib/gcc/arm-none-eabi/11.3.1/thumb/v7e-m+fp/hard\libgcc.a
LOAD C:/ST/STM32CubeIDE_1.14.0/STM32CubeIDE/plugins/com.st.stm32cube.ide.mcu.externaltools.gnu-tools-for-stm32.11.3.rel1.win32_1.1.100.202309141235/tools/bin/../lib/gcc/arm-none-eabi/11.3.1/../../../../arm-none-eabi/lib/thumb/v7e-m+fp/hard\libc_nano.a
LOAD C:/ST/STM32CubeIDE_1.14.0/STM32CubeIDE/plugins/com.st.stm32cube.ide.mcu.externaltools.gnu-tools-for-stm32.11.3.rel1.win32_1.1.100.202309141235/tools/bin/../lib/gcc/arm-none-eabi/11.3.1/../../../../arm-none-eabi/lib/thumb/v7e-m+fp/hard\libnosys.a
END GROUP
LOAD C:/ST/STM32CubeIDE_1.14.0/STM32CubeIDE/plugins/com.st.stm32cube.ide.mcu.externaltools.gnu-tools-for-stm32.11.3.rel1.win32_1.1.100.202309141235/tools/bin/../lib/gcc/arm-none-eabi/11.3.1/thumb/v7e-m+fp/hard/crtend.o
LOAD C:/ST/STM32CubeIDE_1.14.0/STM32CubeIDE/plugins/com.st.stm32cube.ide.mcu.externaltools.gnu-tools-for-stm32.11.3.rel1.win32_1.1.100.202309141235/tools/bin/../lib/gcc/arm-none-eabi/11.3.1/thumb/v7e-m+fp/hard/crtn.o
                0x0000000020020000                _estack = (ORIGIN (RAM) + LENGTH (RAM))
                0x0000000000000200                _Min_Heap_Size = 0x200
                0x0000000000000400                _Min_Stack_Size = 0x400

.isr_vector     0x0000000008000000      0x188
                0x0000000008000000                . = ALIGN (0x4)
 *(.isr_vector)
 .isr_vector    0x0000000008000000      0x188 ./Startup/startup_stm32f407vgtx.o
                0x0000000008000000                g_pfnVectors
                0x0000000008000188                . = ALIGN (0x4)

.text           0x0000000008000188     0x20ec
                0x0000000008000188                . = ALIGN (0x4)
 *(.text)
 .text          0x0000000008000188       0x40 C:/ST/STM32CubeIDE_1.14.0/STM32CubeIDE/plugins/com.st.stm32cube.ide.mcu.externaltools.gnu-tools-for-stm32.11.3.rel1.win32_1.1.100.202309141235/tools/bin/../lib/gcc/arm-none-eabi/11.3.1/thumb/v7e-m+fp/hard/crtbegin.o
 *(.text*)
 .text.CPAL_I2C_EV_IRQHandler
                0x00000000080001c8      0x11c ./Src/cpal_i2c.o
                0x00000000080001c8                CPAL_I2C_EV_IRQHandler
 .text.CPAL_I2C_ER_IRQHandler
                0x00000000080002e4      0x1e8 ./Src/cpal_i2c.o
                0x00000000080002e4                CPAL_I2C_ER_IRQHandler
 .text.CPAL_I2C_DMA_TX_IRQHandler
                0x00000000080004cc      0x444 ./Src/cpal_i2c.o
                0x00000000080004cc                CPAL_I2C_DMA_TX_IRQHandler
 .text.CPAL_I2C_DMA_RX_IRQHandler
                0x0000000008000910      0x3cc ./Src/cpal_i2c.o
                0x0000000008000910                CPAL_I2C_DMA_RX_IRQHandler
 .text.SysTick_Handler
                0x0000000008000cdc       0xa8 ./Src/cpal_i2c.o
                0x0000000008000cdc                SysTick_Handler
 .text.CPAL_I2C_Timeout
                0x0000000008000d84       0x2c ./Src/cpal_i2c.o
 .text.I2C_MASTER_START_Handle
                0x0000000008000db0      0x104 ./Src/cpal_i2c.o
 .text.I2C_MASTER_ADDR_Handle
                0x0000000008000eb4      0x3d8 ./Src/cpal_i2c.o
 .text.I2C_MASTER_ADD10_Handle
                0x000000000800128c       0x70 ./Src/cpal_i2c.o
 .text.I2C_MASTER_TXE_Handle
                0x00000000080012fc      0x198 ./Src/cpal_i2c.o
 .text.I2C_MASTER_RXNE_Handle
                0x0000000008001494      0x458 ./Src/cpal_i2c.o
 .text.I2C_SLAVE_ADDR_Handle
                0x00000000080018ec       0x58 ./Src/cpal_i2c.o
 .text.I2C_SLAVE_STOP_Handle
                0x0000000008001944      0x1b8 ./Src/cpal_i2c.o
 .text.I2C_SLAVE_TXE_Handle
                0x0000000008001afc       0x64 ./Src/cpal_i2c.o
 .text.I2C_SLAVE_RXNE_Handle
                0x0000000008001b60       0xc0 ./Src/cpal_i2c.o
 .text.CPAL_I2C_Enable_DMA_IT
                0x0000000008001c20      0x180 ./Src/cpal_i2c.o
                0x0000000008001c20                CPAL_I2C_Enable_DMA_IT
 .text.CPAL_I2C_HAL_DMATXConfig
                0x0000000008001da0       0x80 ./Src/cpal_i2c_hal_stm32f4xx.o
                0x0000000008001da0                CPAL_I2C_HAL_DMATXConfig
 .text.CPAL_I2C_HAL_DMARXConfig
                0x0000000008001e20       0x80 ./Src/cpal_i2c_hal_stm32f4xx.o
                0x0000000008001e20                CPAL_I2C_HAL_DMARXConfig
 .text.I2C1_EV_IRQHandler
                0x0000000008001ea0       0x14 ./Src/cpal_i2c_hal_stm32f4xx.o
                0x0000000008001ea0                I2C1_EV_IRQHandler
 .text.I2C1_ER_IRQHandler
                0x0000000008001eb4       0x14 ./Src/cpal_i2c_hal_stm32f4xx.o
                0x0000000008001eb4                I2C1_ER_IRQHandler
 .text.DMA1_Stream6_IRQHandler
                0x0000000008001ec8       0x14 ./Src/cpal_i2c_hal_stm32f4xx.o
                0x0000000008001ec8                DMA1_Stream6_IRQHandler
 .text.DMA1_Stream0_IRQHandler
                0x0000000008001edc       0x14 ./Src/cpal_i2c_hal_stm32f4xx.o
                0x0000000008001edc                DMA1_Stream0_IRQHandler
 .text.I2C2_EV_IRQHandler
                0x0000000008001ef0       0x14 ./Src/cpal_i2c_hal_stm32f4xx.o
                0x0000000008001ef0                I2C2_EV_IRQHandler
 .text.I2C2_ER_IRQHandler
                0x0000000008001f04       0x14 ./Src/cpal_i2c_hal_stm32f4xx.o
                0x0000000008001f04                I2C2_ER_IRQHandler
 .text.DMA1_Stream7_IRQHandler
                0x0000000008001f18       0x14 ./Src/cpal_i2c_hal_stm32f4xx.o
                0x0000000008001f18                DMA1_Stream7_IRQHandler
 .text.DMA1_Stream3_IRQHandler
                0x0000000008001f2c       0x14 ./Src/cpal_i2c_hal_stm32f4xx.o
                0x0000000008001f2c                DMA1_Stream3_IRQHandler
 .text.I2C3_EV_IRQHandler
                0x0000000008001f40       0x14 ./Src/cpal_i2c_hal_stm32f4xx.o
                0x0000000008001f40                I2C3_EV_IRQHandler
 .text.I2C3_ER_IRQHandler
                0x0000000008001f54       0x14 ./Src/cpal_i2c_hal_stm32f4xx.o
                0x0000000008001f54                I2C3_ER_IRQHandler
 .text.DMA1_Stream4_IRQHandler
                0x0000000008001f68       0x14 ./Src/cpal_i2c_hal_stm32f4xx.o
                0x0000000008001f68                DMA1_Stream4_IRQHandler
 .text.DMA1_Stream2_IRQHandler
                0x0000000008001f7c       0x14 ./Src/cpal_i2c_hal_stm32f4xx.o
                0x0000000008001f7c                DMA1_Stream2_IRQHandler
 .text.CPAL_TIMEOUT_UserCallback
                0x0000000008001f90       0x16 ./Src/cpal_usercallback.o
                0x0000000008001f90                CPAL_TIMEOUT_UserCallback
 .text.main     0x0000000008001fa6        0x6 ./Src/main.o
                0x0000000008001fa6                main
 .text.DMA_Init
                0x0000000008001fac       0xb0 ./Src/stm32f4xx_dma.o
                0x0000000008001fac                DMA_Init
 .text.SystemInit
                0x000000000800205c       0x6c ./Src/system_stm32f4xx.o
                0x000000000800205c                SystemInit
 .text.SetSysClock
                0x00000000080020c8       0xf8 ./Src/system_stm32f4xx.o
 .text.Reset_Handler
                0x00000000080021c0       0x50 ./Startup/startup_stm32f407vgtx.o
                0x00000000080021c0                Reset_Handler
 .text.Default_Handler
                0x0000000008002210        0x2 ./Startup/startup_stm32f407vgtx.o
                0x0000000008002210                RTC_Alarm_IRQHandler
                0x0000000008002210                HASH_RNG_IRQHandler
                0x0000000008002210                EXTI2_IRQHandler
                0x0000000008002210                TIM8_CC_IRQHandler
                0x0000000008002210                DebugMon_Handler
                0x0000000008002210                TIM1_CC_IRQHandler
                0x0000000008002210                DMA2_Stream5_IRQHandler
                0x0000000008002210                HardFault_Handler
                0x0000000008002210                DMA1_Stream5_IRQHandler
                0x0000000008002210                PVD_IRQHandler
                0x0000000008002210                SDIO_IRQHandler
                0x0000000008002210                TAMP_STAMP_IRQHandler
                0x0000000008002210                PendSV_Handler
                0x0000000008002210                NMI_Handler
                0x0000000008002210                CAN2_RX1_IRQHandler
                0x0000000008002210                EXTI3_IRQHandler
                0x0000000008002210                TIM8_TRG_COM_TIM14_IRQHandler
                0x0000000008002210                TIM1_UP_TIM10_IRQHandler
                0x0000000008002210                TIM8_UP_TIM13_IRQHandler
                0x0000000008002210                EXTI0_IRQHandler
                0x0000000008002210                CAN1_RX0_IRQHandler
                0x0000000008002210                FPU_IRQHandler
                0x0000000008002210                OTG_HS_WKUP_IRQHandler
                0x0000000008002210                UsageFault_Handler
                0x0000000008002210                CAN2_SCE_IRQHandler
                0x0000000008002210                DMA2_Stream2_IRQHandler
                0x0000000008002210                SPI1_IRQHandler
                0x0000000008002210                TIM6_DAC_IRQHandler
                0x0000000008002210                TIM1_BRK_TIM9_IRQHandler
                0x0000000008002210                DCMI_IRQHandler
                0x0000000008002210                CAN2_RX0_IRQHandler
                0x0000000008002210                DMA2_Stream3_IRQHandler
                0x0000000008002210                USART6_IRQHandler
                0x0000000008002210                USART3_IRQHandler
                0x0000000008002210                CAN1_RX1_IRQHandler
                0x0000000008002210                UART5_IRQHandler
                0x0000000008002210                DMA2_Stream0_IRQHandler
                0x0000000008002210                TIM4_IRQHandler
                0x0000000008002210                DMA1_Stream1_IRQHandler
                0x0000000008002210                UART4_IRQHandler
                0x0000000008002210                TIM3_IRQHandler
                0x0000000008002210                RCC_IRQHandler
                0x0000000008002210                TIM8_BRK_TIM12_IRQHandler
                0x0000000008002210                Default_Handler
                0x0000000008002210                EXTI15_10_IRQHandler
                0x0000000008002210                ADC_IRQHandler
                0x0000000008002210                TIM7_IRQHandler
                0x0000000008002210                CAN2_TX_IRQHandler
                0x0000000008002210                TIM5_IRQHandler
                0x0000000008002210                DMA2_Stream7_IRQHandler
                0x0000000008002210                EXTI9_5_IRQHandler
                0x0000000008002210                RTC_WKUP_IRQHandler
                0x0000000008002210                ETH_WKUP_IRQHandler
                0x0000000008002210                SPI2_IRQHandler
                0x0000000008002210                OTG_HS_EP1_IN_IRQHandler
                0x0000000008002210                MemManage_Handler
                0x0000000008002210                CAN1_TX_IRQHandler
                0x0000000008002210                SVC_Handler
                0x0000000008002210                EXTI4_IRQHandler
                0x0000000008002210                FSMC_IRQHandler
                0x0000000008002210                ETH_IRQHandler
                0x0000000008002210                OTG_HS_EP1_OUT_IRQHandler
                0x0000000008002210                WWDG_IRQHandler
                0x0000000008002210                TIM2_IRQHandler
                0x0000000008002210                OTG_FS_WKUP_IRQHandler
                0x0000000008002210                TIM1_TRG_COM_TIM11_IRQHandler
                0x0000000008002210                OTG_HS_IRQHandler
                0x0000000008002210                EXTI1_IRQHandler
                0x0000000008002210                USART2_IRQHandler
                0x0000000008002210                DMA2_Stream1_IRQHandler
                0x0000000008002210                CAN1_SCE_IRQHandler
                0x0000000008002210                FLASH_IRQHandler
                0x0000000008002210                DMA2_Stream4_IRQHandler
                0x0000000008002210                BusFault_Handler
                0x0000000008002210                USART1_IRQHandler
                0x0000000008002210                OTG_FS_IRQHandler
                0x0000000008002210                SPI3_IRQHandler
                0x0000000008002210                DMA2_Stream6_IRQHandler
 *fill*         0x0000000008002212        0x2 
 .text.__libc_init_array
                0x0000000008002214       0x48 C:/ST/STM32CubeIDE_1.14.0/STM32CubeIDE/plugins/com.st.stm32cube.ide.mcu.externaltools.gnu-tools-for-stm32.11.3.rel1.win32_1.1.100.202309141235/tools/bin/../lib/gcc/arm-none-eabi/11.3.1/../../../../arm-none-eabi/lib/thumb/v7e-m+fp/hard\libc_nano.a(libc_a-init.o)
                0x0000000008002214                __libc_init_array
 *(.glue_7)
 .glue_7        0x000000000800225c        0x0 linker stubs
 *(.glue_7t)
 .glue_7t       0x000000000800225c        0x0 linker stubs
 *(.eh_frame)
 .eh_frame      0x000000000800225c        0x0 C:/ST/STM32CubeIDE_1.14.0/STM32CubeIDE/plugins/com.st.stm32cube.ide.mcu.externaltools.gnu-tools-for-stm32.11.3.rel1.win32_1.1.100.202309141235/tools/bin/../lib/gcc/arm-none-eabi/11.3.1/thumb/v7e-m+fp/hard/crtbegin.o
 *(.init)
 .init          0x000000000800225c        0x4 C:/ST/STM32CubeIDE_1.14.0/STM32CubeIDE/plugins/com.st.stm32cube.ide.mcu.externaltools.gnu-tools-for-stm32.11.3.rel1.win32_1.1.100.202309141235/tools/bin/../lib/gcc/arm-none-eabi/11.3.1/thumb/v7e-m+fp/hard/crti.o
                0x000000000800225c                _init
 .init          0x0000000008002260        0x8 C:/ST/STM32CubeIDE_1.14.0/STM32CubeIDE/plugins/com.st.stm32cube.ide.mcu.externaltools.gnu-tools-for-stm32.11.3.rel1.win32_1.1.100.202309141235/tools/bin/../lib/gcc/arm-none-eabi/11.3.1/thumb/v7e-m+fp/hard/crtn.o
 *(.fini)
 .fini          0x0000000008002268        0x4 C:/ST/STM32CubeIDE_1.14.0/STM32CubeIDE/plugins/com.st.stm32cube.ide.mcu.externaltools.gnu-tools-for-stm32.11.3.rel1.win32_1.1.100.202309141235/tools/bin/../lib/gcc/arm-none-eabi/11.3.1/thumb/v7e-m+fp/hard/crti.o
                0x0000000008002268                _fini
 .fini          0x000000000800226c        0x8 C:/ST/STM32CubeIDE_1.14.0/STM32CubeIDE/plugins/com.st.stm32cube.ide.mcu.externaltools.gnu-tools-for-stm32.11.3.rel1.win32_1.1.100.202309141235/tools/bin/../lib/gcc/arm-none-eabi/11.3.1/thumb/v7e-m+fp/hard/crtn.o
                0x0000000008002274                . = ALIGN (0x4)
                0x0000000008002274                _etext = .

.vfp11_veneer   0x0000000008002274        0x0
 .vfp11_veneer  0x0000000008002274        0x0 linker stubs

.v4_bx          0x0000000008002274        0x0
 .v4_bx         0x0000000008002274        0x0 linker stubs

.iplt           0x0000000008002274        0x0
 .iplt          0x0000000008002274        0x0 C:/ST/STM32CubeIDE_1.14.0/STM32CubeIDE/plugins/com.st.stm32cube.ide.mcu.externaltools.gnu-tools-for-stm32.11.3.rel1.win32_1.1.100.202309141235/tools/bin/../lib/gcc/arm-none-eabi/11.3.1/thumb/v7e-m+fp/hard/crtbegin.o

.rodata         0x0000000008002274       0x60
                0x0000000008002274                . = ALIGN (0x4)
 *(.rodata)
 *(.rodata*)
 .rodata.CPAL_I2C_DR
                0x0000000008002274        0xc ./Src/cpal_i2c_hal_stm32f4xx.o
                0x0000000008002274                CPAL_I2C_DR
 .rodata.CPAL_I2C_DMA_CHANNEL
                0x0000000008002280        0xc ./Src/cpal_i2c_hal_stm32f4xx.o
                0x0000000008002280                CPAL_I2C_DMA_CHANNEL
 .rodata.CPAL_I2C_DMA_TX_TC_FLAG
                0x000000000800228c        0xc ./Src/cpal_i2c_hal_stm32f4xx.o
                0x000000000800228c                CPAL_I2C_DMA_TX_TC_FLAG
 .rodata.CPAL_I2C_DMA_TX_HT_FLAG
                0x0000000008002298        0xc ./Src/cpal_i2c_hal_stm32f4xx.o
                0x0000000008002298                CPAL_I2C_DMA_TX_HT_FLAG
 .rodata.CPAL_I2C_DMA_TX_TE_FLAG
                0x00000000080022a4        0xc ./Src/cpal_i2c_hal_stm32f4xx.o
                0x00000000080022a4                CPAL_I2C_DMA_TX_TE_FLAG
 .rodata.CPAL_I2C_DMA_RX_TC_FLAG
                0x00000000080022b0        0xc ./Src/cpal_i2c_hal_stm32f4xx.o
                0x00000000080022b0                CPAL_I2C_DMA_RX_TC_FLAG
 .rodata.CPAL_I2C_DMA_RX_HT_FLAG
                0x00000000080022bc        0xc ./Src/cpal_i2c_hal_stm32f4xx.o
                0x00000000080022bc                CPAL_I2C_DMA_RX_HT_FLAG
 .rodata.CPAL_I2C_DMA_RX_TE_FLAG
                0x00000000080022c8        0xc ./Src/cpal_i2c_hal_stm32f4xx.o
                0x00000000080022c8                CPAL_I2C_DMA_RX_TE_FLAG
                0x00000000080022d4                . = ALIGN (0x4)

.rel.dyn        0x00000000080022d4        0x0
 .rel.iplt      0x00000000080022d4        0x0 C:/ST/STM32CubeIDE_1.14.0/STM32CubeIDE/plugins/com.st.stm32cube.ide.mcu.externaltools.gnu-tools-for-stm32.11.3.rel1.win32_1.1.100.202309141235/tools/bin/../lib/gcc/arm-none-eabi/11.3.1/thumb/v7e-m+fp/hard/crtbegin.o

.ARM.extab      0x00000000080022d4        0x0
                0x00000000080022d4                . = ALIGN (0x4)
 *(.ARM.extab* .gnu.linkonce.armextab.*)
                0x00000000080022d4                . = ALIGN (0x4)

.ARM            0x00000000080022d4        0x0
                0x00000000080022d4                . = ALIGN (0x4)
                0x00000000080022d4                __exidx_start = .
 *(.ARM.exidx*)
                0x00000000080022d4                __exidx_end = .
                0x00000000080022d4                . = ALIGN (0x4)

.preinit_array  0x00000000080022d4        0x0
                0x00000000080022d4                . = ALIGN (0x4)
                0x00000000080022d4                PROVIDE (__preinit_array_start = .)
 *(.preinit_array*)
                0x00000000080022d4                PROVIDE (__preinit_array_end = .)
                0x00000000080022d4                . = ALIGN (0x4)

.init_array     0x00000000080022d4        0x4
                0x00000000080022d4                . = ALIGN (0x4)
                0x00000000080022d4                PROVIDE (__init_array_start = .)
 *(SORT_BY_NAME(.init_array.*))
 *(.init_array*)
 .init_array    0x00000000080022d4        0x4 C:/ST/STM32CubeIDE_1.14.0/STM32CubeIDE/plugins/com.st.stm32cube.ide.mcu.externaltools.gnu-tools-for-stm32.11.3.rel1.win32_1.1.100.202309141235/tools/bin/../lib/gcc/arm-none-eabi/11.3.1/thumb/v7e-m+fp/hard/crtbegin.o
                0x00000000080022d8                PROVIDE (__init_array_end = .)
                0x00000000080022d8                . = ALIGN (0x4)

.fini_array     0x00000000080022d8        0x4
                0x00000000080022d8                . = ALIGN (0x4)
                [!provide]                        PROVIDE (__fini_array_start = .)
 *(SORT_BY_NAME(.fini_array.*))
 *(.fini_array*)
 .fini_array    0x00000000080022d8        0x4 C:/ST/STM32CubeIDE_1.14.0/STM32CubeIDE/plugins/com.st.stm32cube.ide.mcu.externaltools.gnu-tools-for-stm32.11.3.rel1.win32_1.1.100.202309141235/tools/bin/../lib/gcc/arm-none-eabi/11.3.1/thumb/v7e-m+fp/hard/crtbegin.o
                [!provide]                        PROVIDE (__fini_array_end = .)
                0x00000000080022dc                . = ALIGN (0x4)
                0x00000000080022dc                _sidata = LOADADDR (.data)

.data           0x0000000020000000       0x9c load address 0x00000000080022dc
                0x0000000020000000                . = ALIGN (0x4)
                0x0000000020000000                _sdata = .
 *(.data)
 *(.data*)
 .data.I2C_DevStructures
                0x0000000020000000        0xc ./Src/cpal_i2c_hal_stm32f4xx.o
                0x0000000020000000                I2C_DevStructures
 .data.I2C1_DevStructure
                0x000000002000000c       0x20 ./Src/cpal_i2c_hal_stm32f4xx.o
                0x000000002000000c                I2C1_DevStructure
 .data.I2C2_DevStructure
                0x000000002000002c       0x20 ./Src/cpal_i2c_hal_stm32f4xx.o
                0x000000002000002c                I2C2_DevStructure
 .data.I2C3_DevStructure
                0x000000002000004c       0x20 ./Src/cpal_i2c_hal_stm32f4xx.o
                0x000000002000004c                I2C3_DevStructure
 .data.CPAL_I2C_DEVICE
                0x000000002000006c        0xc ./Src/cpal_i2c_hal_stm32f4xx.o
                0x000000002000006c                CPAL_I2C_DEVICE
 .data.CPAL_I2C_DMA_TX_Stream
                0x0000000020000078        0xc ./Src/cpal_i2c_hal_stm32f4xx.o
                0x0000000020000078                CPAL_I2C_DMA_TX_Stream
 .data.CPAL_I2C_DMA_RX_Stream
                0x0000000020000084        0xc ./Src/cpal_i2c_hal_stm32f4xx.o
                0x0000000020000084                CPAL_I2C_DMA_RX_Stream
 .data.CPAL_I2C_DMA
                0x0000000020000090        0xc ./Src/cpal_i2c_hal_stm32f4xx.o
                0x0000000020000090                CPAL_I2C_DMA
 *(.RamFunc)
 *(.RamFunc*)
                0x000000002000009c                . = ALIGN (0x4)
                0x000000002000009c                _edata = .
                0x0000000008002378                _siccmram = LOADADDR (.ccmram)

.igot.plt       0x000000002000009c        0x0 load address 0x0000000008002378
 .igot.plt      0x000000002000009c        0x0 C:/ST/STM32CubeIDE_1.14.0/STM32CubeIDE/plugins/com.st.stm32cube.ide.mcu.externaltools.gnu-tools-for-stm32.11.3.rel1.win32_1.1.100.202309141235/tools/bin/../lib/gcc/arm-none-eabi/11.3.1/thumb/v7e-m+fp/hard/crtbegin.o

.ccmram         0x0000000010000000        0x0 load address 0x0000000008002378
                0x0000000010000000                . = ALIGN (0x4)
                0x0000000010000000                _sccmram = .
 *(.ccmram)
 *(.ccmram*)
                0x0000000010000000                . = ALIGN (0x4)
                0x0000000010000000                _eccmram = .
                0x0000000010000000                . = ALIGN (0x4)

.bss            0x000000002000009c       0x58
                0x000000002000009c                _sbss = .
                0x000000002000009c                __bss_start__ = _sbss
 *(.bss)
 .bss           0x000000002000009c       0x1c C:/ST/STM32CubeIDE_1.14.0/STM32CubeIDE/plugins/com.st.stm32cube.ide.mcu.externaltools.gnu-tools-for-stm32.11.3.rel1.win32_1.1.100.202309141235/tools/bin/../lib/gcc/arm-none-eabi/11.3.1/thumb/v7e-m+fp/hard/crtbegin.o
 *(.bss*)
 .bss.CPAL_DMA_InitStructure
                0x00000000200000b8       0x3c ./Src/cpal_i2c_hal_stm32f4xx.o
                0x00000000200000b8                CPAL_DMA_InitStructure
 *(COMMON)
                0x00000000200000f4                . = ALIGN (0x4)
                0x00000000200000f4                _ebss = .
                0x00000000200000f4                __bss_end__ = _ebss

._user_heap_stack
                0x00000000200000f4      0x604
                0x00000000200000f8                . = ALIGN (0x8)
 *fill*         0x00000000200000f4        0x4 
                [!provide]                        PROVIDE (end = .)
                0x00000000200000f8                PROVIDE (_end = .)
                0x00000000200002f8                . = (. + _Min_Heap_Size)
 *fill*         0x00000000200000f8      0x200 
                0x00000000200006f8                . = (. + _Min_Stack_Size)
 *fill*         0x00000000200002f8      0x400 
                0x00000000200006f8                . = ALIGN (0x8)

/DISCARD/
 libc.a(*)
 libm.a(*)
 libgcc.a(*)

.ARM.attributes
                0x0000000000000000       0x30
 *(.ARM.attributes)
 .ARM.attributes
                0x0000000000000000       0x1e C:/ST/STM32CubeIDE_1.14.0/STM32CubeIDE/plugins/com.st.stm32cube.ide.mcu.externaltools.gnu-tools-for-stm32.11.3.rel1.win32_1.1.100.202309141235/tools/bin/../lib/gcc/arm-none-eabi/11.3.1/thumb/v7e-m+fp/hard/crti.o
 .ARM.attributes
                0x000000000000001e       0x34 C:/ST/STM32CubeIDE_1.14.0/STM32CubeIDE/plugins/com.st.stm32cube.ide.mcu.externaltools.gnu-tools-for-stm32.11.3.rel1.win32_1.1.100.202309141235/tools/bin/../lib/gcc/arm-none-eabi/11.3.1/thumb/v7e-m+fp/hard/crtbegin.o
 .ARM.attributes
                0x0000000000000052       0x34 ./Src/cpal_i2c.o
 .ARM.attributes
                0x0000000000000086       0x34 ./Src/cpal_i2c_hal_stm32f4xx.o
 .ARM.attributes
                0x00000000000000ba       0x34 ./Src/cpal_usercallback.o
 .ARM.attributes
                0x00000000000000ee       0x34 ./Src/main.o
 .ARM.attributes
                0x0000000000000122       0x34 ./Src/stm32f4xx_dma.o
 .ARM.attributes
                0x0000000000000156       0x34 ./Src/system_stm32f4xx.o
 .ARM.attributes
                0x000000000000018a       0x21 ./Startup/startup_stm32f407vgtx.o
 .ARM.attributes
                0x00000000000001ab       0x34 C:/ST/STM32CubeIDE_1.14.0/STM32CubeIDE/plugins/com.st.stm32cube.ide.mcu.externaltools.gnu-tools-for-stm32.11.3.rel1.win32_1.1.100.202309141235/tools/bin/../lib/gcc/arm-none-eabi/11.3.1/../../../../arm-none-eabi/lib/thumb/v7e-m+fp/hard\libc_nano.a(libc_a-init.o)
 .ARM.attributes
                0x00000000000001df       0x1e C:/ST/STM32CubeIDE_1.14.0/STM32CubeIDE/plugins/com.st.stm32cube.ide.mcu.externaltools.gnu-tools-for-stm32.11.3.rel1.win32_1.1.100.202309141235/tools/bin/../lib/gcc/arm-none-eabi/11.3.1/thumb/v7e-m+fp/hard/crtn.o
OUTPUT(MPU6050_i2c.elf elf32-littlearm)
LOAD linker stubs
LOAD C:/ST/STM32CubeIDE_1.14.0/STM32CubeIDE/plugins/com.st.stm32cube.ide.mcu.externaltools.gnu-tools-for-stm32.11.3.rel1.win32_1.1.100.202309141235/tools/bin/../lib/gcc/arm-none-eabi/11.3.1/../../../../arm-none-eabi/lib/thumb/v7e-m+fp/hard\libc.a
LOAD C:/ST/STM32CubeIDE_1.14.0/STM32CubeIDE/plugins/com.st.stm32cube.ide.mcu.externaltools.gnu-tools-for-stm32.11.3.rel1.win32_1.1.100.202309141235/tools/bin/../lib/gcc/arm-none-eabi/11.3.1/../../../../arm-none-eabi/lib/thumb/v7e-m+fp/hard\libm.a
LOAD C:/ST/STM32CubeIDE_1.14.0/STM32CubeIDE/plugins/com.st.stm32cube.ide.mcu.externaltools.gnu-tools-for-stm32.11.3.rel1.win32_1.1.100.202309141235/tools/bin/../lib/gcc/arm-none-eabi/11.3.1/thumb/v7e-m+fp/hard\libgcc.a

.comment        0x0000000000000000       0x43
 .comment       0x0000000000000000       0x43 C:/ST/STM32CubeIDE_1.14.0/STM32CubeIDE/plugins/com.st.stm32cube.ide.mcu.externaltools.gnu-tools-for-stm32.11.3.rel1.win32_1.1.100.202309141235/tools/bin/../lib/gcc/arm-none-eabi/11.3.1/thumb/v7e-m+fp/hard/crtbegin.o
                                         0x44 (size before relaxing)
 .comment       0x0000000000000043       0x44 ./Src/cpal_i2c.o
 .comment       0x0000000000000043       0x44 ./Src/cpal_i2c_hal_stm32f4xx.o
 .comment       0x0000000000000043       0x44 ./Src/cpal_usercallback.o
 .comment       0x0000000000000043       0x44 ./Src/main.o
 .comment       0x0000000000000043       0x44 ./Src/stm32f4xx_dma.o
 .comment       0x0000000000000043       0x44 ./Src/system_stm32f4xx.o

.debug_info     0x0000000000000000     0x3362
 .debug_info    0x0000000000000000     0x10bd ./Src/cpal_i2c.o
 .debug_info    0x00000000000010bd     0x122b ./Src/cpal_i2c_hal_stm32f4xx.o
 .debug_info    0x00000000000022e8      0x32c ./Src/cpal_usercallback.o
 .debug_info    0x0000000000002614       0x87 ./Src/main.o
 .debug_info    0x000000000000269b      0x6f3 ./Src/stm32f4xx_dma.o
 .debug_info    0x0000000000002d8e      0x5b1 ./Src/system_stm32f4xx.o
 .debug_info    0x000000000000333f       0x23 ./Startup/startup_stm32f407vgtx.o

.debug_abbrev   0x0000000000000000      0x938
 .debug_abbrev  0x0000000000000000      0x2a8 ./Src/cpal_i2c.o
 .debug_abbrev  0x00000000000002a8      0x29d ./Src/cpal_i2c_hal_stm32f4xx.o
 .debug_abbrev  0x0000000000000545       0xb9 ./Src/cpal_usercallback.o
 .debug_abbrev  0x00000000000005fe       0x47 ./Src/main.o
 .debug_abbrev  0x0000000000000645      0x178 ./Src/stm32f4xx_dma.o
 .debug_abbrev  0x00000000000007bd      0x169 ./Src/system_stm32f4xx.o
 .debug_abbrev  0x0000000000000926       0x12 ./Startup/startup_stm32f407vgtx.o

.debug_aranges  0x0000000000000000      0x2e8
 .debug_aranges
                0x0000000000000000       0xd8 ./Src/cpal_i2c.o
 .debug_aranges
                0x00000000000000d8       0xc8 ./Src/cpal_i2c_hal_stm32f4xx.o
 .debug_aranges
                0x00000000000001a0       0x20 ./Src/cpal_usercallback.o
 .debug_aranges
                0x00000000000001c0       0x20 ./Src/main.o
 .debug_aranges
                0x00000000000001e0       0xb0 ./Src/stm32f4xx_dma.o
 .debug_aranges
                0x0000000000000290       0x30 ./Src/system_stm32f4xx.o
 .debug_aranges
                0x00000000000002c0       0x28 ./Startup/startup_stm32f407vgtx.o

.debug_rnglists
                0x0000000000000000      0x228
 .debug_rnglists
                0x0000000000000000       0xaf ./Src/cpal_i2c.o
 .debug_rnglists
                0x00000000000000af       0x97 ./Src/cpal_i2c_hal_stm32f4xx.o
 .debug_rnglists
                0x0000000000000146       0x13 ./Src/cpal_usercallback.o
 .debug_rnglists
                0x0000000000000159       0x13 ./Src/main.o
 .debug_rnglists
                0x000000000000016c       0x82 ./Src/stm32f4xx_dma.o
 .debug_rnglists
                0x00000000000001ee       0x21 ./Src/system_stm32f4xx.o
 .debug_rnglists
                0x000000000000020f       0x19 ./Startup/startup_stm32f407vgtx.o

.debug_macro    0x0000000000000000     0x11c6
 .debug_macro   0x0000000000000000      0x268 ./Src/cpal_i2c.o
 .debug_macro   0x0000000000000268      0x57b ./Src/cpal_i2c.o
 .debug_macro   0x00000000000007e3      0x261 ./Src/cpal_i2c_hal_stm32f4xx.o
 .debug_macro   0x0000000000000a44      0x25c ./Src/cpal_usercallback.o
 .debug_macro   0x0000000000000ca0       0x63 ./Src/main.o
 .debug_macro   0x0000000000000d03      0x27c ./Src/stm32f4xx_dma.o
 .debug_macro   0x0000000000000f7f      0x247 ./Src/system_stm32f4xx.o

.debug_line     0x0000000000000000     0x3ed4
 .debug_line    0x0000000000000000     0x17e1 ./Src/cpal_i2c.o
 .debug_line    0x00000000000017e1      0xa30 ./Src/cpal_i2c_hal_stm32f4xx.o
 .debug_line    0x0000000000002211      0x64f ./Src/cpal_usercallback.o
 .debug_line    0x0000000000002860      0x40d ./Src/main.o
 .debug_line    0x0000000000002c6d      0xa7a ./Src/stm32f4xx_dma.o
 .debug_line    0x00000000000036e7      0x773 ./Src/system_stm32f4xx.o
 .debug_line    0x0000000000003e5a       0x7a ./Startup/startup_stm32f407vgtx.o

.debug_str      0x0000000000000000    0x57646
 .debug_str     0x0000000000000000    0x56852 ./Src/cpal_i2c.o
                                      0x56ada (size before relaxing)
 .debug_str     0x0000000000056852      0x6bc ./Src/cpal_i2c_hal_stm32f4xx.o
                                      0x56dc7 (size before relaxing)
 .debug_str     0x0000000000056f0e       0x1b ./Src/cpal_usercallback.o
                                      0x55e31 (size before relaxing)
 .debug_str     0x0000000000056f29       0x13 ./Src/main.o
                                       0x3cd1 (size before relaxing)
 .debug_str     0x0000000000056f3c      0x541 ./Src/stm32f4xx_dma.o
                                      0x524d2 (size before relaxing)
 .debug_str     0x000000000005747d      0x19a ./Src/system_stm32f4xx.o
                                      0x5205c (size before relaxing)
 .debug_str     0x0000000000057617       0x2f ./Startup/startup_stm32f407vgtx.o
                                         0x60 (size before relaxing)

.debug_frame    0x0000000000000000      0xa80
 .debug_frame   0x0000000000000000      0x3a8 ./Src/cpal_i2c.o
 .debug_frame   0x00000000000003a8      0x2c8 ./Src/cpal_i2c_hal_stm32f4xx.o
 .debug_frame   0x0000000000000670       0x38 ./Src/cpal_usercallback.o
 .debug_frame   0x00000000000006a8       0x28 ./Src/main.o
 .debug_frame   0x00000000000006d0      0x308 ./Src/stm32f4xx_dma.o
 .debug_frame   0x00000000000009d8       0x7c ./Src/system_stm32f4xx.o
 .debug_frame   0x0000000000000a54       0x2c C:/ST/STM32CubeIDE_1.14.0/STM32CubeIDE/plugins/com.st.stm32cube.ide.mcu.externaltools.gnu-tools-for-stm32.11.3.rel1.win32_1.1.100.202309141235/tools/bin/../lib/gcc/arm-none-eabi/11.3.1/../../../../arm-none-eabi/lib/thumb/v7e-m+fp/hard\libc_nano.a(libc_a-init.o)

.debug_line_str
                0x0000000000000000       0x54
 .debug_line_str
                0x0000000000000000       0x54 ./Startup/startup_stm32f407vgtx.o
                                         0x6c (size before relaxing)
