Archive member included to satisfy reference by file (symbol)

C:/ST/STM32CubeIDE_1.14.0/STM32CubeIDE/plugins/com.st.stm32cube.ide.mcu.externaltools.gnu-tools-for-stm32.11.3.rel1.win32_1.1.100.202309141235/tools/bin/../lib/gcc/arm-none-eabi/11.3.1/../../../../arm-none-eabi/lib/thumb/v7e-m+fp/hard\libc_nano.a(libc_a-exit.o)
                              C:/ST/STM32CubeIDE_1.14.0/STM32CubeIDE/plugins/com.st.stm32cube.ide.mcu.externaltools.gnu-tools-for-stm32.11.3.rel1.win32_1.1.100.202309141235/tools/bin/../lib/gcc/arm-none-eabi/11.3.1/../../../../arm-none-eabi/lib/thumb/v7e-m+fp/hard/crt0.o (exit)
C:/ST/STM32CubeIDE_1.14.0/STM32CubeIDE/plugins/com.st.stm32cube.ide.mcu.externaltools.gnu-tools-for-stm32.11.3.rel1.win32_1.1.100.202309141235/tools/bin/../lib/gcc/arm-none-eabi/11.3.1/../../../../arm-none-eabi/lib/thumb/v7e-m+fp/hard\libc_nano.a(libc_a-findfp.o)
                              C:/ST/STM32CubeIDE_1.14.0/STM32CubeIDE/plugins/com.st.stm32cube.ide.mcu.externaltools.gnu-tools-for-stm32.11.3.rel1.win32_1.1.100.202309141235/tools/bin/../lib/gcc/arm-none-eabi/11.3.1/../../../../arm-none-eabi/lib/thumb/v7e-m+fp/hard\libc_nano.a(libc_a-exit.o) (__stdio_exit_handler)
C:/ST/STM32CubeIDE_1.14.0/STM32CubeIDE/plugins/com.st.stm32cube.ide.mcu.externaltools.gnu-tools-for-stm32.11.3.rel1.win32_1.1.100.202309141235/tools/bin/../lib/gcc/arm-none-eabi/11.3.1/../../../../arm-none-eabi/lib/thumb/v7e-m+fp/hard\libc_nano.a(libc_a-fwalk.o)
                              C:/ST/STM32CubeIDE_1.14.0/STM32CubeIDE/plugins/com.st.stm32cube.ide.mcu.externaltools.gnu-tools-for-stm32.11.3.rel1.win32_1.1.100.202309141235/tools/bin/../lib/gcc/arm-none-eabi/11.3.1/../../../../arm-none-eabi/lib/thumb/v7e-m+fp/hard\libc_nano.a(libc_a-findfp.o) (_fwalk_sglue)
C:/ST/STM32CubeIDE_1.14.0/STM32CubeIDE/plugins/com.st.stm32cube.ide.mcu.externaltools.gnu-tools-for-stm32.11.3.rel1.win32_1.1.100.202309141235/tools/bin/../lib/gcc/arm-none-eabi/11.3.1/../../../../arm-none-eabi/lib/thumb/v7e-m+fp/hard\libc_nano.a(libc_a-stdio.o)
                              C:/ST/STM32CubeIDE_1.14.0/STM32CubeIDE/plugins/com.st.stm32cube.ide.mcu.externaltools.gnu-tools-for-stm32.11.3.rel1.win32_1.1.100.202309141235/tools/bin/../lib/gcc/arm-none-eabi/11.3.1/../../../../arm-none-eabi/lib/thumb/v7e-m+fp/hard\libc_nano.a(libc_a-findfp.o) (__sread)
C:/ST/STM32CubeIDE_1.14.0/STM32CubeIDE/plugins/com.st.stm32cube.ide.mcu.externaltools.gnu-tools-for-stm32.11.3.rel1.win32_1.1.100.202309141235/tools/bin/../lib/gcc/arm-none-eabi/11.3.1/../../../../arm-none-eabi/lib/thumb/v7e-m+fp/hard\libc_nano.a(libc_a-memset.o)
                              C:/ST/STM32CubeIDE_1.14.0/STM32CubeIDE/plugins/com.st.stm32cube.ide.mcu.externaltools.gnu-tools-for-stm32.11.3.rel1.win32_1.1.100.202309141235/tools/bin/../lib/gcc/arm-none-eabi/11.3.1/../../../../arm-none-eabi/lib/thumb/v7e-m+fp/hard/crt0.o (memset)
C:/ST/STM32CubeIDE_1.14.0/STM32CubeIDE/plugins/com.st.stm32cube.ide.mcu.externaltools.gnu-tools-for-stm32.11.3.rel1.win32_1.1.100.202309141235/tools/bin/../lib/gcc/arm-none-eabi/11.3.1/../../../../arm-none-eabi/lib/thumb/v7e-m+fp/hard\libc_nano.a(libc_a-closer.o)
                              C:/ST/STM32CubeIDE_1.14.0/STM32CubeIDE/plugins/com.st.stm32cube.ide.mcu.externaltools.gnu-tools-for-stm32.11.3.rel1.win32_1.1.100.202309141235/tools/bin/../lib/gcc/arm-none-eabi/11.3.1/../../../../arm-none-eabi/lib/thumb/v7e-m+fp/hard\libc_nano.a(libc_a-stdio.o) (_close_r)
C:/ST/STM32CubeIDE_1.14.0/STM32CubeIDE/plugins/com.st.stm32cube.ide.mcu.externaltools.gnu-tools-for-stm32.11.3.rel1.win32_1.1.100.202309141235/tools/bin/../lib/gcc/arm-none-eabi/11.3.1/../../../../arm-none-eabi/lib/thumb/v7e-m+fp/hard\libc_nano.a(libc_a-reent.o)
                              C:/ST/STM32CubeIDE_1.14.0/STM32CubeIDE/plugins/com.st.stm32cube.ide.mcu.externaltools.gnu-tools-for-stm32.11.3.rel1.win32_1.1.100.202309141235/tools/bin/../lib/gcc/arm-none-eabi/11.3.1/../../../../arm-none-eabi/lib/thumb/v7e-m+fp/hard\libc_nano.a(libc_a-closer.o) (errno)
C:/ST/STM32CubeIDE_1.14.0/STM32CubeIDE/plugins/com.st.stm32cube.ide.mcu.externaltools.gnu-tools-for-stm32.11.3.rel1.win32_1.1.100.202309141235/tools/bin/../lib/gcc/arm-none-eabi/11.3.1/../../../../arm-none-eabi/lib/thumb/v7e-m+fp/hard\libc_nano.a(libc_a-impure.o)
                              C:/ST/STM32CubeIDE_1.14.0/STM32CubeIDE/plugins/com.st.stm32cube.ide.mcu.externaltools.gnu-tools-for-stm32.11.3.rel1.win32_1.1.100.202309141235/tools/bin/../lib/gcc/arm-none-eabi/11.3.1/../../../../arm-none-eabi/lib/thumb/v7e-m+fp/hard\libc_nano.a(libc_a-reent.o) (_impure_ptr)
C:/ST/STM32CubeIDE_1.14.0/STM32CubeIDE/plugins/com.st.stm32cube.ide.mcu.externaltools.gnu-tools-for-stm32.11.3.rel1.win32_1.1.100.202309141235/tools/bin/../lib/gcc/arm-none-eabi/11.3.1/../../../../arm-none-eabi/lib/thumb/v7e-m+fp/hard\libc_nano.a(libc_a-lseekr.o)
[...]
Memory Configuration

Name             Origin             Length             Attributes
CCMRAM           0x0000000010000000 0x0000000000010000 xrw
RAM              0x0000000020000000 0x0000000000020000 xrw
FLASH            0x0000000008000000 0x0000000000100000 xr
*default*        0x0000000000000000 0xffffffffffffffff

Linker script and memory map

LOAD C:/ST/STM32CubeIDE_1.14.0/STM32CubeIDE/plugins/com.st.stm32cube.ide.mcu.externaltools.gnu-tools-for-stm32.11.3.rel1.win32_1.1.100.202309141235/tools/bin/../lib/gcc/arm-none-eabi/11.3.1/thumb/v7e-m+fp/hard/crti.o
LOAD C:/ST/STM32CubeIDE_1.14.0/STM32CubeIDE/plugins/com.st.stm32cube.ide.mcu.externaltools.gnu-tools-for-stm32.11.3.rel1.win32_1.1.100.202309141235/tools/bin/../lib/gcc/arm-none-eabi/11.3.1/thumb/v7e-m+fp/hard/crtbegin.o
LOAD C:/ST/STM32CubeIDE_1.14.0/STM32CubeIDE/plugins/com.st.stm32cube.ide.mcu.externaltools.gnu-tools-for-stm32.11.3.rel1.win32_1.1.100.202309141235/tools/bin/../lib/gcc/arm-none-eabi/11.3.1/../../../../arm-none-eabi/lib/thumb/v7e-m+fp/hard/crt0.o
LOAD ./Src/cpal_hal.o
LOAD ./Src/cpal_i2c.o
LOAD ./Src/cpal_i2c_hal_stm32f4xx.o
LOAD ./Src/cpal_usercallback.o
LOAD ./Src/main.o
LOAD ./Src/misc.o
LOAD ./Src/stm32f4xx_adc.o
LOAD ./Src/stm32f4xx_can.o
LOAD ./Src/stm32f4xx_crc.o
LOAD ./Src/stm32f4xx_cryp.o
LOAD ./Src/stm32f4xx_cryp_aes.o
LOAD ./Src/stm32f4xx_cryp_des.o
LOAD ./Src/stm32f4xx_cryp_tdes.o
LOAD ./Src/stm32f4xx_dac.o
LOAD ./Src/stm32f4xx_dbgmcu.o
LOAD ./Src/stm32f4xx_dcmi.o
LOAD ./Src/stm32f4xx_dma.o
LOAD ./Src/stm32f4xx_exti.o
LOAD ./Src/stm32f4xx_flash.o
LOAD ./Src/stm32f4xx_fsmc.o
LOAD ./Src/stm32f4xx_gpio.o
LOAD ./Src/stm32f4xx_hash.o
LOAD ./Src/stm32f4xx_hash_md5.o
LOAD ./Src/stm32f4xx_hash_sha1.o
LOAD ./Src/stm32f4xx_i2c.o
LOAD ./Src/stm32f4xx_iwdg.o
LOAD ./Src/stm32f4xx_pwr.o
LOAD ./Src/stm32f4xx_rcc.o
LOAD ./Src/stm32f4xx_rng.o
LOAD ./Src/stm32f4xx_rtc.o
LOAD ./Src/stm32f4xx_sdio.o
LOAD ./Src/stm32f4xx_spi.o
LOAD ./Src/stm32f4xx_syscfg.o
LOAD ./Src/stm32f4xx_tim.o
LOAD ./Src/stm32f4xx_usart.o
LOAD ./Src/stm32f4xx_wwdg.o
LOAD ./Src/syscalls.o
LOAD ./Src/sysmem.o
LOAD ./Src/system_stm32f4xx.o
LOAD ./Startup/startup_stm32f407vgtx.o
START GROUP
LOAD C:/ST/STM32CubeIDE_1.14.0/STM32CubeIDE/plugins/com.st.stm32cube.ide.mcu.externaltools.gnu-tools-for-stm32.11.3.rel1.win32_1.1.100.202309141235/tools/bin/../lib/gcc/arm-none-eabi/11.3.1/../../../../arm-none-eabi/lib/thumb/v7e-m+fp/hard\libc_nano.a
LOAD C:/ST/STM32CubeIDE_1.14.0/STM32CubeIDE/plugins/com.st.stm32cube.ide.mcu.externaltools.gnu-tools-for-stm32.11.3.rel1.win32_1.1.100.202309141235/tools/bin/../lib/gcc/arm-none-eabi/11.3.1/../../../../arm-none-eabi/lib/thumb/v7e-m+fp/hard\libm.a
END GROUP
START GROUP
LOAD C:/ST/STM32CubeIDE_1.14.0/STM32CubeIDE/plugins/com.st.stm32cube.ide.mcu.externaltools.gnu-tools-for-stm32.11.3.rel1.win32_1.1.100.202309141235/tools/bin/../lib/gcc/arm-none-eabi/11.3.1/thumb/v7e-m+fp/hard\libgcc.a
LOAD C:/ST/STM32CubeIDE_1.14.0/STM32CubeIDE/plugins/com.st.stm32cube.ide.mcu.externaltools.gnu-tools-for-stm32.11.3.rel1.win32_1.1.100.202309141235/tools/bin/../lib/gcc/arm-none-eabi/11.3.1/../../../../arm-none-eabi/lib/thumb/v7e-m+fp/hard\libc_nano.a
END GROUP
START GROUP
LOAD C:/ST/STM32CubeIDE_1.14.0/STM32CubeIDE/plugins/com.st.stm32cube.ide.mcu.externaltools.gnu-tools-for-stm32.11.3.rel1.win32_1.1.100.202309141235/tools/bin/../lib/gcc/arm-none-eabi/11.3.1/thumb/v7e-m+fp/hard\libgcc.a
LOAD C:/ST/STM32CubeIDE_1.14.0/STM32CubeIDE/plugins/com.st.stm32cube.ide.mcu.externaltools.gnu-tools-for-stm32.11.3.rel1.win32_1.1.100.202309141235/tools/bin/../lib/gcc/arm-none-eabi/11.3.1/../../../../arm-none-eabi/lib/thumb/v7e-m+fp/hard\libc_nano.a
LOAD C:/ST/STM32CubeIDE_1.14.0/STM32CubeIDE/plugins/com.st.stm32cube.ide.mcu.externaltools.gnu-tools-for-stm32.11.3.rel1.win32_1.1.100.202309141235/tools/bin/../lib/gcc/arm-none-eabi/11.3.1/../../../../arm-none-eabi/lib/thumb/v7e-m+fp/hard\libnosys.a
END GROUP
START GROUP
LOAD C:/ST/STM32CubeIDE_1.14.0/STM32CubeIDE/plugins/com.st.stm32cube.ide.mcu.externaltools.gnu-tools-for-stm32.11.3.rel1.win32_1.1.100.202309141235/tools/bin/../lib/gcc/arm-none-eabi/11.3.1/thumb/v7e-m+fp/hard\libgcc.a
LOAD C:/ST/STM32CubeIDE_1.14.0/STM32CubeIDE/plugins/com.st.stm32cube.ide.mcu.externaltools.gnu-tools-for-stm32.11.3.rel1.win32_1.1.100.202309141235/tools/bin/../lib/gcc/arm-none-eabi/11.3.1/../../../../arm-none-eabi/lib/thumb/v7e-m+fp/hard\libc_nano.a
LOAD C:/ST/STM32CubeIDE_1.14.0/STM32CubeIDE/plugins/com.st.stm32cube.ide.mcu.externaltools.gnu-tools-for-stm32.11.3.rel1.win32_1.1.100.202309141235/tools/bin/../lib/gcc/arm-none-eabi/11.3.1/../../../../arm-none-eabi/lib/thumb/v7e-m+fp/hard\libnosys.a
END GROUP
LOAD C:/ST/STM32CubeIDE_1.14.0/STM32CubeIDE/plugins/com.st.stm32cube.ide.mcu.externaltools.gnu-tools-for-stm32.11.3.rel1.win32_1.1.100.202309141235/tools/bin/../lib/gcc/arm-none-eabi/11.3.1/thumb/v7e-m+fp/hard/crtend.o
LOAD C:/ST/STM32CubeIDE_1.14.0/STM32CubeIDE/plugins/com.st.stm32cube.ide.mcu.externaltools.gnu-tools-for-stm32.11.3.rel1.win32_1.1.100.202309141235/tools/bin/../lib/gcc/arm-none-eabi/11.3.1/thumb/v7e-m+fp/hard/crtn.o
                0x0000000020020000                _estack = (ORIGIN (RAM) + LENGTH (RAM))
                0x0000000000000200                _Min_Heap_Size = 0x200
                0x0000000000000400                _Min_Stack_Size = 0x400

.isr_vector     0x0000000008000000      0x188
                0x0000000008000000                . = ALIGN (0x4)
 *(.isr_vector)
 .isr_vector    0x0000000008000000      0x188 ./Startup/startup_stm32f407vgtx.o
                0x0000000008000000                g_pfnVectors
                0x0000000008000188                . = ALIGN (0x4)

.text           0x0000000008000188     0x1f4c
                0x0000000008000188                . = ALIGN (0x4)
 *(.text)
 .text          0x0000000008000188       0x40 C:/ST/STM32CubeIDE_1.14.0/STM32CubeIDE/plugins/com.st.stm32cube.ide.mcu.externaltools.gnu-tools-for-stm32.11.3.rel1.win32_1.1.100.202309141235/tools/bin/../lib/gcc/arm-none-eabi/11.3.1/thumb/v7e-m+fp/hard/crtbegin.o
 *(.text*)
 .text.CPAL_HAL_NVICInit
                0x00000000080001c8       0x10 ./Src/cpal_hal.o
                0x00000000080001c8                CPAL_HAL_NVICInit
 .text.NVIC_SetPriority
                0x00000000080001d8       0x54 ./Src/cpal_i2c.o
 .text.SysTick_Config
                0x000000000800022c       0x44 ./Src/cpal_i2c.o
 .text.CPAL_I2C_Init
                0x0000000008000270      0x1fc ./Src/cpal_i2c.o
                0x0000000008000270                CPAL_I2C_Init
 .text.CPAL_I2C_StructInit
                0x000000000800046c       0x88 ./Src/cpal_i2c.o
                0x000000000800046c                CPAL_I2C_StructInit
 .text.CPAL_I2C_Read
                0x00000000080004f4      0x32c ./Src/cpal_i2c.o
                0x00000000080004f4                CPAL_I2C_Read
 .text.CPAL_I2C_EV_IRQHandler
                0x0000000008000820       0xa8 ./Src/cpal_i2c.o
                0x0000000008000820                CPAL_I2C_EV_IRQHandler
 .text.CPAL_I2C_ER_IRQHandler
                0x00000000080008c8      0x1e8 ./Src/cpal_i2c.o
                0x00000000080008c8                CPAL_I2C_ER_IRQHandler
 .text.SysTick_Handler
                0x0000000008000ab0       0xa8 ./Src/cpal_i2c.o
                0x0000000008000ab0                SysTick_Handler
 .text.CPAL_I2C_Timeout
                0x0000000008000b58       0x2c ./Src/cpal_i2c.o
 .text.I2C_MASTER_START_Handle
                0x0000000008000b84       0x88 ./Src/cpal_i2c.o
 .text.I2C_MASTER_ADDR_Handle
                0x0000000008000c0c      0x28c ./Src/cpal_i2c.o
 .text.I2C_MASTER_TXE_Handle
                0x0000000008000e98      0x198 ./Src/cpal_i2c.o
 .text.I2C_MASTER_RXNE_Handle
                0x0000000008001030      0x458 ./Src/cpal_i2c.o
 .text.CPAL_I2C_Enable_DMA_IT
                0x0000000008001488       0x54 ./Src/cpal_i2c.o
                0x0000000008001488                CPAL_I2C_Enable_DMA_IT
 .text.CPAL_I2C_HAL_CLKInit
                0x00000000080014dc       0x48 ./Src/cpal_i2c_hal_stm32f4xx.o
                0x00000000080014dc                CPAL_I2C_HAL_CLKInit
 .text.CPAL_I2C_HAL_CLKDeInit
                0x0000000008001524       0x48 ./Src/cpal_i2c_hal_stm32f4xx.o
                0x0000000008001524                CPAL_I2C_HAL_CLKDeInit
 .text.CPAL_I2C_HAL_GPIOInit
                0x000000000800156c       0xdc ./Src/cpal_i2c_hal_stm32f4xx.o
                0x000000000800156c                CPAL_I2C_HAL_GPIOInit
 .text.CPAL_I2C_HAL_GPIODeInit
                0x0000000008001648       0x68 ./Src/cpal_i2c_hal_stm32f4xx.o
                0x0000000008001648                CPAL_I2C_HAL_GPIODeInit
 .text.CPAL_I2C_HAL_ITInit
                0x00000000080016b0       0xb4 ./Src/cpal_i2c_hal_stm32f4xx.o
                0x00000000080016b0                CPAL_I2C_HAL_ITInit
 .text.I2C1_EV_IRQHandler
                0x0000000008001764       0x14 ./Src/cpal_i2c_hal_stm32f4xx.o
                0x0000000008001764                I2C1_EV_IRQHandler
 .text.I2C1_ER_IRQHandler
                0x0000000008001778       0x14 ./Src/cpal_i2c_hal_stm32f4xx.o
                0x0000000008001778                I2C1_ER_IRQHandler
 .text.CPAL_TIMEOUT_UserCallback
                0x000000000800178c       0x16 ./Src/cpal_usercallback.o
                0x000000000800178c                CPAL_TIMEOUT_UserCallback
 *fill*         0x00000000080017a2        0x2 
 .text.Configuration
                0x00000000080017a4       0x50 ./Src/main.o
                0x00000000080017a4                Configuration
 .text.i2c      0x00000000080017f4       0x7c ./Src/main.o
                0x00000000080017f4                i2c
 .text.main     0x0000000008001870        0xe ./Src/main.o
                0x0000000008001870                main
 *fill*         0x000000000800187e        0x2 
 .text.NVIC_PriorityGroupConfig
                0x0000000008001880       0x28 ./Src/misc.o
                0x0000000008001880                NVIC_PriorityGroupConfig
 .text.NVIC_Init
                0x00000000080018a8       0xc4 ./Src/misc.o
                0x00000000080018a8                NVIC_Init
 .text.GPIO_Init
                0x000000000800196c      0x11e ./Src/stm32f4xx_gpio.o
                0x000000000800196c                GPIO_Init
 .text.GPIO_PinAFConfig
                0x0000000008001a8a       0x92 ./Src/stm32f4xx_gpio.o
                0x0000000008001a8a                GPIO_PinAFConfig
 .text.I2C_Init
                0x0000000008001b1c      0x184 ./Src/stm32f4xx_i2c.o
                0x0000000008001b1c                I2C_Init
 .text.RCC_GetClocksFreq
                0x0000000008001ca0      0x15c ./Src/stm32f4xx_rcc.o
                0x0000000008001ca0                RCC_GetClocksFreq
 .text.RCC_AHB1PeriphClockCmd
                0x0000000008001dfc       0x40 ./Src/stm32f4xx_rcc.o
                0x0000000008001dfc                RCC_AHB1PeriphClockCmd
 .text.RCC_APB1PeriphClockCmd
                0x0000000008001e3c       0x40 ./Src/stm32f4xx_rcc.o
                0x0000000008001e3c                RCC_APB1PeriphClockCmd
 .text.RCC_APB1PeriphResetCmd
                0x0000000008001e7c       0x40 ./Src/stm32f4xx_rcc.o
                0x0000000008001e7c                RCC_APB1PeriphResetCmd
 .text.SystemInit
                0x0000000008001ebc       0x6c ./Src/system_stm32f4xx.o
                0x0000000008001ebc                SystemInit
 .text.SetSysClock
                0x0000000008001f28       0xf8 ./Src/system_stm32f4xx.o
 .text.Reset_Handler
                0x0000000008002020       0x50 ./Startup/startup_stm32f407vgtx.o
                0x0000000008002020                Reset_Handler
 .text.Default_Handler
                0x0000000008002070        0x2 ./Startup/startup_stm32f407vgtx.o
                0x0000000008002070                RTC_Alarm_IRQHandler
                0x0000000008002070                HASH_RNG_IRQHandler
                0x0000000008002070                EXTI2_IRQHandler
                0x0000000008002070                TIM8_CC_IRQHandler
                0x0000000008002070                DebugMon_Handler
                0x0000000008002070                TIM1_CC_IRQHandler
                0x0000000008002070                DMA2_Stream5_IRQHandler
                0x0000000008002070                HardFault_Handler
                0x0000000008002070                DMA1_Stream5_IRQHandler
                0x0000000008002070                PVD_IRQHandler
                0x0000000008002070                SDIO_IRQHandler
                0x0000000008002070                TAMP_STAMP_IRQHandler
                0x0000000008002070                PendSV_Handler
                0x0000000008002070                NMI_Handler
                0x0000000008002070                CAN2_RX1_IRQHandler
                0x0000000008002070                EXTI3_IRQHandler
                0x0000000008002070                TIM8_TRG_COM_TIM14_IRQHandler
                0x0000000008002070                TIM1_UP_TIM10_IRQHandler
                0x0000000008002070                TIM8_UP_TIM13_IRQHandler
                0x0000000008002070                I2C3_ER_IRQHandler
                0x0000000008002070                EXTI0_IRQHandler
                0x0000000008002070                I2C2_EV_IRQHandler
                0x0000000008002070                DMA1_Stream2_IRQHandler
                0x0000000008002070                CAN1_RX0_IRQHandler
                0x0000000008002070                FPU_IRQHandler
                0x0000000008002070                OTG_HS_WKUP_IRQHandler
                0x0000000008002070                UsageFault_Handler
                0x0000000008002070                CAN2_SCE_IRQHandler
                0x0000000008002070                DMA2_Stream2_IRQHandler
                0x0000000008002070                SPI1_IRQHandler
                0x0000000008002070                TIM6_DAC_IRQHandler
                0x0000000008002070                TIM1_BRK_TIM9_IRQHandler
                0x0000000008002070                DCMI_IRQHandler
                0x0000000008002070                CAN2_RX0_IRQHandler
                0x0000000008002070                DMA2_Stream3_IRQHandler
                0x0000000008002070                USART6_IRQHandler
                0x0000000008002070                USART3_IRQHandler
                0x0000000008002070                CAN1_RX1_IRQHandler
                0x0000000008002070                UART5_IRQHandler
                0x0000000008002070                DMA2_Stream0_IRQHandler
                0x0000000008002070                TIM4_IRQHandler
                0x0000000008002070                DMA1_Stream6_IRQHandler
                0x0000000008002070                DMA1_Stream1_IRQHandler
                0x0000000008002070                UART4_IRQHandler
                0x0000000008002070                TIM3_IRQHandler
                0x0000000008002070                RCC_IRQHandler
                0x0000000008002070                TIM8_BRK_TIM12_IRQHandler
                0x0000000008002070                Default_Handler
                0x0000000008002070                EXTI15_10_IRQHandler
                0x0000000008002070                ADC_IRQHandler
                0x0000000008002070                DMA1_Stream7_IRQHandler
                0x0000000008002070                TIM7_IRQHandler
                0x0000000008002070                CAN2_TX_IRQHandler
                0x0000000008002070                TIM5_IRQHandler
                0x0000000008002070                DMA2_Stream7_IRQHandler
                0x0000000008002070                I2C3_EV_IRQHandler
                0x0000000008002070                EXTI9_5_IRQHandler
                0x0000000008002070                RTC_WKUP_IRQHandler
                0x0000000008002070                ETH_WKUP_IRQHandler
                0x0000000008002070                SPI2_IRQHandler
                0x0000000008002070                OTG_HS_EP1_IN_IRQHandler
                0x0000000008002070                MemManage_Handler
                0x0000000008002070                DMA1_Stream0_IRQHandler
                0x0000000008002070                CAN1_TX_IRQHandler
                0x0000000008002070                SVC_Handler
                0x0000000008002070                EXTI4_IRQHandler
                0x0000000008002070                FSMC_IRQHandler
                0x0000000008002070                ETH_IRQHandler
                0x0000000008002070                OTG_HS_EP1_OUT_IRQHandler
                0x0000000008002070                WWDG_IRQHandler
                0x0000000008002070                TIM2_IRQHandler
                0x0000000008002070                OTG_FS_WKUP_IRQHandler
                0x0000000008002070                TIM1_TRG_COM_TIM11_IRQHandler
                0x0000000008002070                OTG_HS_IRQHandler
                0x0000000008002070                EXTI1_IRQHandler
                0x0000000008002070                USART2_IRQHandler
                0x0000000008002070                I2C2_ER_IRQHandler
                0x0000000008002070                DMA2_Stream1_IRQHandler
                0x0000000008002070                CAN1_SCE_IRQHandler
                0x0000000008002070                FLASH_IRQHandler
                0x0000000008002070                DMA2_Stream4_IRQHandler
                0x0000000008002070                BusFault_Handler
                0x0000000008002070                USART1_IRQHandler
                0x0000000008002070                OTG_FS_IRQHandler
                0x0000000008002070                SPI3_IRQHandler
                0x0000000008002070                DMA1_Stream4_IRQHandler
                0x0000000008002070                DMA2_Stream6_IRQHandler
                0x0000000008002070                DMA1_Stream3_IRQHandler
 *fill*         0x0000000008002072        0x2 
 .text.__libc_init_array
                0x0000000008002074       0x48 C:/ST/STM32CubeIDE_1.14.0/STM32CubeIDE/plugins/com.st.stm32cube.ide.mcu.externaltools.gnu-tools-for-stm32.11.3.rel1.win32_1.1.100.202309141235/tools/bin/../lib/gcc/arm-none-eabi/11.3.1/../../../../arm-none-eabi/lib/thumb/v7e-m+fp/hard\libc_nano.a(libc_a-init.o)
                0x0000000008002074                __libc_init_array
 *(.glue_7)
 .glue_7        0x00000000080020bc        0x0 linker stubs
 *(.glue_7t)
 .glue_7t       0x00000000080020bc        0x0 linker stubs
 *(.eh_frame)
 .eh_frame      0x00000000080020bc        0x0 C:/ST/STM32CubeIDE_1.14.0/STM32CubeIDE/plugins/com.st.stm32cube.ide.mcu.externaltools.gnu-tools-for-stm32.11.3.rel1.win32_1.1.100.202309141235/tools/bin/../lib/gcc/arm-none-eabi/11.3.1/thumb/v7e-m+fp/hard/crtbegin.o
 *(.init)
 .init          0x00000000080020bc        0x4 C:/ST/STM32CubeIDE_1.14.0/STM32CubeIDE/plugins/com.st.stm32cube.ide.mcu.externaltools.gnu-tools-for-stm32.11.3.rel1.win32_1.1.100.202309141235/tools/bin/../lib/gcc/arm-none-eabi/11.3.1/thumb/v7e-m+fp/hard/crti.o
                0x00000000080020bc                _init
 .init          0x00000000080020c0        0x8 C:/ST/STM32CubeIDE_1.14.0/STM32CubeIDE/plugins/com.st.stm32cube.ide.mcu.externaltools.gnu-tools-for-stm32.11.3.rel1.win32_1.1.100.202309141235/tools/bin/../lib/gcc/arm-none-eabi/11.3.1/thumb/v7e-m+fp/hard/crtn.o
 *(.fini)
 .fini          0x00000000080020c8        0x4 C:/ST/STM32CubeIDE_1.14.0/STM32CubeIDE/plugins/com.st.stm32cube.ide.mcu.externaltools.gnu-tools-for-stm32.11.3.rel1.win32_1.1.100.202309141235/tools/bin/../lib/gcc/arm-none-eabi/11.3.1/thumb/v7e-m+fp/hard/crti.o
                0x00000000080020c8                _fini
 .fini          0x00000000080020cc        0x8 C:/ST/STM32CubeIDE_1.14.0/STM32CubeIDE/plugins/com.st.stm32cube.ide.mcu.externaltools.gnu-tools-for-stm32.11.3.rel1.win32_1.1.100.202309141235/tools/bin/../lib/gcc/arm-none-eabi/11.3.1/thumb/v7e-m+fp/hard/crtn.o
                0x00000000080020d4                . = ALIGN (0x4)
                0x00000000080020d4                _etext = .

.vfp11_veneer   0x00000000080020d4        0x0
 .vfp11_veneer  0x00000000080020d4        0x0 linker stubs

.v4_bx          0x00000000080020d4        0x0
 .v4_bx         0x00000000080020d4        0x0 linker stubs

.iplt           0x00000000080020d4        0x0
 .iplt          0x00000000080020d4        0x0 C:/ST/STM32CubeIDE_1.14.0/STM32CubeIDE/plugins/com.st.stm32cube.ide.mcu.externaltools.gnu-tools-for-stm32.11.3.rel1.win32_1.1.100.202309141235/tools/bin/../lib/gcc/arm-none-eabi/11.3.1/thumb/v7e-m+fp/hard/crtbegin.o

.rodata         0x00000000080020d4       0x68
                0x00000000080020d4                . = ALIGN (0x4)
 *(.rodata)
 *(.rodata*)
 .rodata.CPAL_I2C_CLK
                0x00000000080020d4        0xc ./Src/cpal_i2c_hal_stm32f4xx.o
                0x00000000080020d4                CPAL_I2C_CLK
 .rodata.CPAL_I2C_AF
                0x00000000080020e0        0xc ./Src/cpal_i2c_hal_stm32f4xx.o
                0x00000000080020e0                CPAL_I2C_AF
 .rodata.CPAL_I2C_SCL_GPIO_PIN
                0x00000000080020ec        0x6 ./Src/cpal_i2c_hal_stm32f4xx.o
                0x00000000080020ec                CPAL_I2C_SCL_GPIO_PIN
 *fill*         0x00000000080020f2        0x2 
 .rodata.CPAL_I2C_SCL_GPIO_CLK
                0x00000000080020f4        0xc ./Src/cpal_i2c_hal_stm32f4xx.o
                0x00000000080020f4                CPAL_I2C_SCL_GPIO_CLK
 .rodata.CPAL_I2C_SCL_GPIO_PINSOURCE
                0x0000000008002100        0x6 ./Src/cpal_i2c_hal_stm32f4xx.o
                0x0000000008002100                CPAL_I2C_SCL_GPIO_PINSOURCE
 *fill*         0x0000000008002106        0x2 
 .rodata.CPAL_I2C_SDA_GPIO_PIN
                0x0000000008002108        0x6 ./Src/cpal_i2c_hal_stm32f4xx.o
                0x0000000008002108                CPAL_I2C_SDA_GPIO_PIN
 *fill*         0x000000000800210e        0x2 
 .rodata.CPAL_I2C_SDA_GPIO_CLK
                0x0000000008002110        0xc ./Src/cpal_i2c_hal_stm32f4xx.o
                0x0000000008002110                CPAL_I2C_SDA_GPIO_CLK
 .rodata.CPAL_I2C_SDA_GPIO_PINSOURCE
                0x000000000800211c        0x6 ./Src/cpal_i2c_hal_stm32f4xx.o
                0x000000000800211c                CPAL_I2C_SDA_GPIO_PINSOURCE
 *fill*         0x0000000008002122        0x2 
 .rodata.CPAL_I2C_IT_EVT_IRQn
                0x0000000008002124        0x3 ./Src/cpal_i2c_hal_stm32f4xx.o
                0x0000000008002124                CPAL_I2C_IT_EVT_IRQn
 *fill*         0x0000000008002127        0x1 
 .rodata.CPAL_I2C_IT_ERR_IRQn
                0x0000000008002128        0x3 ./Src/cpal_i2c_hal_stm32f4xx.o
                0x0000000008002128                CPAL_I2C_IT_ERR_IRQn
 *fill*         0x000000000800212b        0x1 
 .rodata.I2C_IT_EVT_PREPRIO
                0x000000000800212c        0x3 ./Src/cpal_i2c_hal_stm32f4xx.o
                0x000000000800212c                I2C_IT_EVT_PREPRIO
 *fill*         0x000000000800212f        0x1 
 .rodata.I2C_IT_EVT_SUBPRIO
                0x0000000008002130        0x3 ./Src/cpal_i2c_hal_stm32f4xx.o
                0x0000000008002130                I2C_IT_EVT_SUBPRIO
 *fill*         0x0000000008002133        0x1 
 .rodata.I2C_IT_ERR_PREPRIO
                0x0000000008002134        0x3 ./Src/cpal_i2c_hal_stm32f4xx.o
                0x0000000008002134                I2C_IT_ERR_PREPRIO
 *fill*         0x0000000008002137        0x1 
 .rodata.I2C_IT_ERR_SUBPRIO
                0x0000000008002138        0x3 ./Src/cpal_i2c_hal_stm32f4xx.o
                0x0000000008002138                I2C_IT_ERR_SUBPRIO
                0x000000000800213c                . = ALIGN (0x4)
 *fill*         0x000000000800213b        0x1 

.rel.dyn        0x000000000800213c        0x0
 .rel.iplt      0x000000000800213c        0x0 C:/ST/STM32CubeIDE_1.14.0/STM32CubeIDE/plugins/com.st.stm32cube.ide.mcu.externaltools.gnu-tools-for-stm32.11.3.rel1.win32_1.1.100.202309141235/tools/bin/../lib/gcc/arm-none-eabi/11.3.1/thumb/v7e-m+fp/hard/crtbegin.o

.ARM.extab      0x000000000800213c        0x0
                0x000000000800213c                . = ALIGN (0x4)
 *(.ARM.extab* .gnu.linkonce.armextab.*)
                0x000000000800213c                . = ALIGN (0x4)

.ARM            0x000000000800213c        0x0
                0x000000000800213c                . = ALIGN (0x4)
                0x000000000800213c                __exidx_start = .
 *(.ARM.exidx*)
                0x000000000800213c                __exidx_end = .
                0x000000000800213c                . = ALIGN (0x4)

.preinit_array  0x000000000800213c        0x0
                0x000000000800213c                . = ALIGN (0x4)
                0x000000000800213c                PROVIDE (__preinit_array_start = .)
 *(.preinit_array*)
                0x000000000800213c                PROVIDE (__preinit_array_end = .)
                0x000000000800213c                . = ALIGN (0x4)

.init_array     0x000000000800213c        0x4
                0x000000000800213c                . = ALIGN (0x4)
                0x000000000800213c                PROVIDE (__init_array_start = .)
 *(SORT_BY_NAME(.init_array.*))
 *(.init_array*)
 .init_array    0x000000000800213c        0x4 C:/ST/STM32CubeIDE_1.14.0/STM32CubeIDE/plugins/com.st.stm32cube.ide.mcu.externaltools.gnu-tools-for-stm32.11.3.rel1.win32_1.1.100.202309141235/tools/bin/../lib/gcc/arm-none-eabi/11.3.1/thumb/v7e-m+fp/hard/crtbegin.o
                0x0000000008002140                PROVIDE (__init_array_end = .)
                0x0000000008002140                . = ALIGN (0x4)

.fini_array     0x0000000008002140        0x4
                0x0000000008002140                . = ALIGN (0x4)
                [!provide]                        PROVIDE (__fini_array_start = .)
 *(SORT_BY_NAME(.fini_array.*))
 *(.fini_array*)
 .fini_array    0x0000000008002140        0x4 C:/ST/STM32CubeIDE_1.14.0/STM32CubeIDE/plugins/com.st.stm32cube.ide.mcu.externaltools.gnu-tools-for-stm32.11.3.rel1.win32_1.1.100.202309141235/tools/bin/../lib/gcc/arm-none-eabi/11.3.1/thumb/v7e-m+fp/hard/crtbegin.o
                [!provide]                        PROVIDE (__fini_array_end = .)
                0x0000000008002144                . = ALIGN (0x4)
                0x0000000008002144                _sidata = LOADADDR (.data)

.data           0x0000000020000000       0x64 load address 0x0000000008002144
                0x0000000020000000                . = ALIGN (0x4)
                0x0000000020000000                _sdata = .
 *(.data)
 *(.data*)
 .data.I2C_DevStructures
                0x0000000020000000        0xc ./Src/cpal_i2c_hal_stm32f4xx.o
                0x0000000020000000                I2C_DevStructures
 .data.I2C1_DevStructure
                0x000000002000000c       0x20 ./Src/cpal_i2c_hal_stm32f4xx.o
                0x000000002000000c                I2C1_DevStructure
 .data.CPAL_I2C_DEVICE
                0x000000002000002c        0xc ./Src/cpal_i2c_hal_stm32f4xx.o
                0x000000002000002c                CPAL_I2C_DEVICE
 .data.CPAL_I2C_SCL_GPIO_PORT
                0x0000000020000038        0xc ./Src/cpal_i2c_hal_stm32f4xx.o
                0x0000000020000038                CPAL_I2C_SCL_GPIO_PORT
 .data.CPAL_I2C_SDA_GPIO_PORT
                0x0000000020000044        0xc ./Src/cpal_i2c_hal_stm32f4xx.o
                0x0000000020000044                CPAL_I2C_SDA_GPIO_PORT
 .data.APBAHBPrescTable
                0x0000000020000050       0x10 ./Src/stm32f4xx_rcc.o
 .data.SystemCoreClock
                0x0000000020000060        0x4 ./Src/system_stm32f4xx.o
                0x0000000020000060                SystemCoreClock
 *(.RamFunc)
 *(.RamFunc*)
                0x0000000020000064                . = ALIGN (0x4)
                0x0000000020000064                _edata = .
                0x00000000080021a8                _siccmram = LOADADDR (.ccmram)

.igot.plt       0x0000000020000064        0x0 load address 0x00000000080021a8
 .igot.plt      0x0000000020000064        0x0 C:/ST/STM32CubeIDE_1.14.0/STM32CubeIDE/plugins/com.st.stm32cube.ide.mcu.externaltools.gnu-tools-for-stm32.11.3.rel1.win32_1.1.100.202309141235/tools/bin/../lib/gcc/arm-none-eabi/11.3.1/thumb/v7e-m+fp/hard/crtbegin.o

.ccmram         0x0000000010000000        0x0 load address 0x00000000080021a8
                0x0000000010000000                . = ALIGN (0x4)
                0x0000000010000000                _sccmram = .
 *(.ccmram)
 *(.ccmram*)
                0x0000000010000000                . = ALIGN (0x4)
                0x0000000010000000                _eccmram = .
                0x0000000010000000                . = ALIGN (0x4)

.bss            0x0000000020000064       0x2c
                0x0000000020000064                _sbss = .
                0x0000000020000064                __bss_start__ = _sbss
 *(.bss)
 .bss           0x0000000020000064       0x1c C:/ST/STM32CubeIDE_1.14.0/STM32CubeIDE/plugins/com.st.stm32cube.ide.mcu.externaltools.gnu-tools-for-stm32.11.3.rel1.win32_1.1.100.202309141235/tools/bin/../lib/gcc/arm-none-eabi/11.3.1/thumb/v7e-m+fp/hard/crtbegin.o
 *(.bss*)
 .bss.I2C_InitStructure
                0x0000000020000080       0x10 ./Src/cpal_i2c.o
                0x0000000020000080                I2C_InitStructure
 *(COMMON)
                0x0000000020000090                . = ALIGN (0x4)
                0x0000000020000090                _ebss = .
                0x0000000020000090                __bss_end__ = _ebss

._user_heap_stack
                0x0000000020000090      0x600
                0x0000000020000090                . = ALIGN (0x8)
                [!provide]                        PROVIDE (end = .)
                0x0000000020000090                PROVIDE (_end = .)
                0x0000000020000290                . = (. + _Min_Heap_Size)
 *fill*         0x0000000020000090      0x200 
                0x0000000020000690                . = (. + _Min_Stack_Size)
 *fill*         0x0000000020000290      0x400 
                0x0000000020000690                . = ALIGN (0x8)

/DISCARD/
 libc.a(*)
 libm.a(*)
 libgcc.a(*)

.ARM.attributes
                0x0000000000000000       0x30
 *(.ARM.attributes)
 .ARM.attributes
                0x0000000000000000       0x1e C:/ST/STM32CubeIDE_1.14.0/STM32CubeIDE/plugins/com.st.stm32cube.ide.mcu.externaltools.gnu-tools-for-stm32.11.3.rel1.win32_1.1.100.202309141235/tools/bin/../lib/gcc/arm-none-eabi/11.3.1/thumb/v7e-m+fp/hard/crti.o
 .ARM.attributes
                0x000000000000001e       0x34 C:/ST/STM32CubeIDE_1.14.0/STM32CubeIDE/plugins/com.st.stm32cube.ide.mcu.externaltools.gnu-tools-for-stm32.11.3.rel1.win32_1.1.100.202309141235/tools/bin/../lib/gcc/arm-none-eabi/11.3.1/thumb/v7e-m+fp/hard/crtbegin.o
 .ARM.attributes
                0x0000000000000052       0x34 ./Src/cpal_hal.o
 .ARM.attributes
                0x0000000000000086       0x34 ./Src/cpal_i2c.o
 .ARM.attributes
                0x00000000000000ba       0x34 ./Src/cpal_i2c_hal_stm32f4xx.o
 .ARM.attributes
                0x00000000000000ee       0x34 ./Src/cpal_usercallback.o
 .ARM.attributes
                0x0000000000000122       0x34 ./Src/main.o
 .ARM.attributes
                0x0000000000000156       0x34 ./Src/misc.o
 .ARM.attributes
                0x000000000000018a       0x34 ./Src/stm32f4xx_gpio.o
 .ARM.attributes
                0x00000000000001be       0x34 ./Src/stm32f4xx_i2c.o
 .ARM.attributes
                0x00000000000001f2       0x34 ./Src/stm32f4xx_rcc.o
 .ARM.attributes
                0x0000000000000226       0x34 ./Src/system_stm32f4xx.o
 .ARM.attributes
                0x000000000000025a       0x21 ./Startup/startup_stm32f407vgtx.o
 .ARM.attributes
                0x000000000000027b       0x34 C:/ST/STM32CubeIDE_1.14.0/STM32CubeIDE/plugins/com.st.stm32cube.ide.mcu.externaltools.gnu-tools-for-stm32.11.3.rel1.win32_1.1.100.202309141235/tools/bin/../lib/gcc/arm-none-eabi/11.3.1/../../../../arm-none-eabi/lib/thumb/v7e-m+fp/hard\libc_nano.a(libc_a-init.o)
 .ARM.attributes
                0x00000000000002af       0x1e C:/ST/STM32CubeIDE_1.14.0/STM32CubeIDE/plugins/com.st.stm32cube.ide.mcu.externaltools.gnu-tools-for-stm32.11.3.rel1.win32_1.1.100.202309141235/tools/bin/../lib/gcc/arm-none-eabi/11.3.1/thumb/v7e-m+fp/hard/crtn.o
OUTPUT(MPU6050_i2c.elf elf32-littlearm)
LOAD linker stubs
LOAD C:/ST/STM32CubeIDE_1.14.0/STM32CubeIDE/plugins/com.st.stm32cube.ide.mcu.externaltools.gnu-tools-for-stm32.11.3.rel1.win32_1.1.100.202309141235/tools/bin/../lib/gcc/arm-none-eabi/11.3.1/../../../../arm-none-eabi/lib/thumb/v7e-m+fp/hard\libc.a
LOAD C:/ST/STM32CubeIDE_1.14.0/STM32CubeIDE/plugins/com.st.stm32cube.ide.mcu.externaltools.gnu-tools-for-stm32.11.3.rel1.win32_1.1.100.202309141235/tools/bin/../lib/gcc/arm-none-eabi/11.3.1/../../../../arm-none-eabi/lib/thumb/v7e-m+fp/hard\libm.a
LOAD C:/ST/STM32CubeIDE_1.14.0/STM32CubeIDE/plugins/com.st.stm32cube.ide.mcu.externaltools.gnu-tools-for-stm32.11.3.rel1.win32_1.1.100.202309141235/tools/bin/../lib/gcc/arm-none-eabi/11.3.1/thumb/v7e-m+fp/hard\libgcc.a

.comment        0x0000000000000000       0x43
 .comment       0x0000000000000000       0x43 C:/ST/STM32CubeIDE_1.14.0/STM32CubeIDE/plugins/com.st.stm32cube.ide.mcu.externaltools.gnu-tools-for-stm32.11.3.rel1.win32_1.1.100.202309141235/tools/bin/../lib/gcc/arm-none-eabi/11.3.1/thumb/v7e-m+fp/hard/crtbegin.o
                                         0x44 (size before relaxing)
 .comment       0x0000000000000043       0x44 ./Src/cpal_hal.o
 .comment       0x0000000000000043       0x44 ./Src/cpal_i2c.o
 .comment       0x0000000000000043       0x44 ./Src/cpal_i2c_hal_stm32f4xx.o
 .comment       0x0000000000000043       0x44 ./Src/cpal_usercallback.o
 .comment       0x0000000000000043       0x44 ./Src/main.o
 .comment       0x0000000000000043       0x44 ./Src/misc.o
 .comment       0x0000000000000043       0x44 ./Src/stm32f4xx_gpio.o
 .comment       0x0000000000000043       0x44 ./Src/stm32f4xx_i2c.o
 .comment       0x0000000000000043       0x44 ./Src/stm32f4xx_rcc.o
 .comment       0x0000000000000043       0x44 ./Src/system_stm32f4xx.o

.debug_info     0x0000000000000000     0x4f07
 .debug_info    0x0000000000000000       0xad ./Src/cpal_hal.o
 .debug_info    0x00000000000000ad      0xdae ./Src/cpal_i2c.o
 .debug_info    0x0000000000000e5b      0xfd8 ./Src/cpal_i2c_hal_stm32f4xx.o
 .debug_info    0x0000000000001e33      0x32c ./Src/cpal_usercallback.o
 .debug_info    0x000000000000215f      0x5f4 ./Src/main.o
 .debug_info    0x0000000000002753      0x4fa ./Src/misc.o
 .debug_info    0x0000000000002c4d      0x60c ./Src/stm32f4xx_gpio.o
 .debug_info    0x0000000000003259      0xadb ./Src/stm32f4xx_i2c.o
 .debug_info    0x0000000000003d34      0xbff ./Src/stm32f4xx_rcc.o
 .debug_info    0x0000000000004933      0x5b1 ./Src/system_stm32f4xx.o
 .debug_info    0x0000000000004ee4       0x23 ./Startup/startup_stm32f407vgtx.o

.debug_abbrev   0x0000000000000000     0x10a8
 .debug_abbrev  0x0000000000000000       0x70 ./Src/cpal_hal.o
 .debug_abbrev  0x0000000000000070      0x29f ./Src/cpal_i2c.o
 .debug_abbrev  0x000000000000030f      0x288 ./Src/cpal_i2c_hal_stm32f4xx.o
 .debug_abbrev  0x0000000000000597       0xb9 ./Src/cpal_usercallback.o
 .debug_abbrev  0x0000000000000650      0x1a0 ./Src/main.o
 .debug_abbrev  0x00000000000007f0      0x17f ./Src/misc.o
 .debug_abbrev  0x000000000000096f      0x1ee ./Src/stm32f4xx_gpio.o
 .debug_abbrev  0x0000000000000b5d      0x1c3 ./Src/stm32f4xx_i2c.o
 .debug_abbrev  0x0000000000000d20      0x20d ./Src/stm32f4xx_rcc.o
 .debug_abbrev  0x0000000000000f2d      0x169 ./Src/system_stm32f4xx.o
 .debug_abbrev  0x0000000000001096       0x12 ./Startup/startup_stm32f407vgtx.o

.debug_aranges  0x0000000000000000      0x520
 .debug_aranges
                0x0000000000000000       0x20 ./Src/cpal_hal.o
 .debug_aranges
                0x0000000000000020       0xa0 ./Src/cpal_i2c.o
 .debug_aranges
                0x00000000000000c0       0x58 ./Src/cpal_i2c_hal_stm32f4xx.o
 .debug_aranges
                0x0000000000000118       0x20 ./Src/cpal_usercallback.o
 .debug_aranges
                0x0000000000000138       0x30 ./Src/main.o
 .debug_aranges
                0x0000000000000168       0x40 ./Src/misc.o
 .debug_aranges
                0x00000000000001a8       0x88 ./Src/stm32f4xx_gpio.o
 .debug_aranges
                0x0000000000000230      0x120 ./Src/stm32f4xx_i2c.o
 .debug_aranges
                0x0000000000000350      0x178 ./Src/stm32f4xx_rcc.o
 .debug_aranges
                0x00000000000004c8       0x30 ./Src/system_stm32f4xx.o
 .debug_aranges
                0x00000000000004f8       0x28 ./Startup/startup_stm32f407vgtx.o

.debug_rnglists
                0x0000000000000000      0x3b8
 .debug_rnglists
                0x0000000000000000       0x13 ./Src/cpal_hal.o
 .debug_rnglists
                0x0000000000000013       0x80 ./Src/cpal_i2c.o
 .debug_rnglists
                0x0000000000000093       0x3f ./Src/cpal_i2c_hal_stm32f4xx.o
 .debug_rnglists
                0x00000000000000d2       0x13 ./Src/cpal_usercallback.o
 .debug_rnglists
                0x00000000000000e5       0x1f ./Src/main.o
 .debug_rnglists
                0x0000000000000104       0x2c ./Src/misc.o
 .debug_rnglists
                0x0000000000000130       0x64 ./Src/stm32f4xx_gpio.o
 .debug_rnglists
                0x0000000000000194       0xd4 ./Src/stm32f4xx_i2c.o
 .debug_rnglists
                0x0000000000000268      0x116 ./Src/stm32f4xx_rcc.o
 .debug_rnglists
                0x000000000000037e       0x21 ./Src/system_stm32f4xx.o
 .debug_rnglists
                0x000000000000039f       0x19 ./Startup/startup_stm32f407vgtx.o

.debug_macro    0x0000000000000000     0xea47
 .debug_macro   0x0000000000000000      0x240 ./Src/cpal_hal.o
 .debug_macro   0x0000000000000240      0xaae ./Src/cpal_hal.o
 .debug_macro   0x0000000000000cee       0x63 ./Src/cpal_hal.o
 .debug_macro   0x0000000000000d51       0x3b ./Src/cpal_hal.o
 .debug_macro   0x0000000000000d8c       0x22 ./Src/cpal_hal.o
 .debug_macro   0x0000000000000dae       0x8e ./Src/cpal_hal.o
 .debug_macro   0x0000000000000e3c       0x51 ./Src/cpal_hal.o
 .debug_macro   0x0000000000000e8d      0x103 ./Src/cpal_hal.o
 .debug_macro   0x0000000000000f90       0x6a ./Src/cpal_hal.o
 .debug_macro   0x0000000000000ffa      0x1df ./Src/cpal_hal.o
 .debug_macro   0x00000000000011d9       0x18 ./Src/cpal_hal.o
 .debug_macro   0x00000000000011f1       0x42 ./Src/cpal_hal.o
 .debug_macro   0x0000000000001233      0xc91 ./Src/cpal_hal.o
 .debug_macro   0x0000000000001ec4     0x808f ./Src/cpal_hal.o
 .debug_macro   0x0000000000009f53      0x44f ./Src/cpal_hal.o
 .debug_macro   0x000000000000a3a2       0xac ./Src/cpal_hal.o
 .debug_macro   0x000000000000a44e      0x471 ./Src/cpal_hal.o
 .debug_macro   0x000000000000a8bf       0xa8 ./Src/cpal_hal.o
 .debug_macro   0x000000000000a967      0x23c ./Src/cpal_hal.o
 .debug_macro   0x000000000000aba3      0x25f ./Src/cpal_hal.o
 .debug_macro   0x000000000000ae02      0x2ad ./Src/cpal_hal.o
 .debug_macro   0x000000000000b0af       0x5e ./Src/cpal_hal.o
 .debug_macro   0x000000000000b10d       0xa1 ./Src/cpal_hal.o
 .debug_macro   0x000000000000b1ae      0x537 ./Src/cpal_hal.o
 .debug_macro   0x000000000000b6e5      0x575 ./Src/cpal_hal.o
 .debug_macro   0x000000000000bc5a      0x33c ./Src/cpal_hal.o
 .debug_macro   0x000000000000bf96      0x366 ./Src/cpal_hal.o
 .debug_macro   0x000000000000c2fc       0xdb ./Src/cpal_hal.o
 .debug_macro   0x000000000000c3d7      0x735 ./Src/cpal_hal.o
 .debug_macro   0x000000000000cb0c      0x21b ./Src/cpal_hal.o
 .debug_macro   0x000000000000cd27       0x2e ./Src/cpal_hal.o
 .debug_macro   0x000000000000cd55       0x7c ./Src/cpal_hal.o
 .debug_macro   0x000000000000cdd1      0x15a ./Src/cpal_hal.o
 .debug_macro   0x000000000000cf2b       0x74 ./Src/cpal_hal.o
 .debug_macro   0x000000000000cf9f      0x268 ./Src/cpal_i2c.o
 .debug_macro   0x000000000000d207      0x57b ./Src/cpal_i2c.o
 .debug_macro   0x000000000000d782      0x261 ./Src/cpal_i2c_hal_stm32f4xx.o
 .debug_macro   0x000000000000d9e3      0x25c ./Src/cpal_usercallback.o
 .debug_macro   0x000000000000dc3f      0x268 ./Src/main.o
 .debug_macro   0x000000000000dea7      0x22a ./Src/misc.o
 .debug_macro   0x000000000000e0d1      0x228 ./Src/stm32f4xx_gpio.o
 .debug_macro   0x000000000000e2f9      0x23a ./Src/stm32f4xx_i2c.o
 .debug_macro   0x000000000000e533      0x2cd ./Src/stm32f4xx_rcc.o
 .debug_macro   0x000000000000e800      0x247 ./Src/system_stm32f4xx.o

.debug_line     0x0000000000000000     0x5ca9
 .debug_line    0x0000000000000000      0x61d ./Src/cpal_hal.o
 .debug_line    0x000000000000061d     0x113f ./Src/cpal_i2c.o
 .debug_line    0x000000000000175c      0x7c2 ./Src/cpal_i2c_hal_stm32f4xx.o
 .debug_line    0x0000000000001f1e      0x64f ./Src/cpal_usercallback.o
 .debug_line    0x000000000000256d      0x6bc ./Src/main.o
 .debug_line    0x0000000000002c29      0x6f6 ./Src/misc.o
 .debug_line    0x000000000000331f      0x8f1 ./Src/stm32f4xx_gpio.o
 .debug_line    0x0000000000003c10      0xb4d ./Src/stm32f4xx_i2c.o
 .debug_line    0x000000000000475d      0xd5f ./Src/stm32f4xx_rcc.o
 .debug_line    0x00000000000054bc      0x773 ./Src/system_stm32f4xx.o
 .debug_line    0x0000000000005c2f       0x7a ./Startup/startup_stm32f407vgtx.o

.debug_str      0x0000000000000000    0x57ead
 .debug_str     0x0000000000000000    0x5259a ./Src/cpal_hal.o
                                      0x52727 (size before relaxing)
 .debug_str     0x000000000005259a     0x4034 ./Src/cpal_i2c.o
                                      0x56822 (size before relaxing)
 .debug_str     0x00000000000565ce      0x71b ./Src/cpal_i2c_hal_stm32f4xx.o
                                      0x56b70 (size before relaxing)
 .debug_str     0x0000000000056ce9       0x1b ./Src/cpal_usercallback.o
                                      0x55d9c (size before relaxing)
 .debug_str     0x0000000000056d04       0x73 ./Src/main.o
                                      0x55ff6 (size before relaxing)
 .debug_str     0x0000000000056d77       0xf1 ./Src/misc.o
                                      0x5206c (size before relaxing)
 .debug_str     0x0000000000056e68      0x177 ./Src/stm32f4xx_gpio.o
                                      0x5213e (size before relaxing)
 .debug_str     0x0000000000056fdf      0x3e2 ./Src/stm32f4xx_i2c.o
                                      0x52366 (size before relaxing)
 .debug_str     0x00000000000573c1      0x9fd ./Src/stm32f4xx_rcc.o
                                      0x52998 (size before relaxing)
 .debug_str     0x0000000000057dbe       0xc0 ./Src/system_stm32f4xx.o
                                      0x5205c (size before relaxing)
 .debug_str     0x0000000000057e7e       0x2f ./Startup/startup_stm32f407vgtx.o
                                         0x60 (size before relaxing)

.debug_frame    0x0000000000000000     0x144c
 .debug_frame   0x0000000000000000       0x2c ./Src/cpal_hal.o
 .debug_frame   0x000000000000002c      0x294 ./Src/cpal_i2c.o
 .debug_frame   0x00000000000002c0      0x120 ./Src/cpal_i2c_hal_stm32f4xx.o
 .debug_frame   0x00000000000003e0       0x38 ./Src/cpal_usercallback.o
 .debug_frame   0x0000000000000418       0x74 ./Src/main.o
 .debug_frame   0x000000000000048c       0xd8 ./Src/misc.o
 .debug_frame   0x0000000000000564      0x23c ./Src/stm32f4xx_gpio.o
 .debug_frame   0x00000000000007a0      0x530 ./Src/stm32f4xx_i2c.o
 .debug_frame   0x0000000000000cd0      0x6d4 ./Src/stm32f4xx_rcc.o
 .debug_frame   0x00000000000013a4       0x7c ./Src/system_stm32f4xx.o
 .debug_frame   0x0000000000001420       0x2c C:/ST/STM32CubeIDE_1.14.0/STM32CubeIDE/plugins/com.st.stm32cube.ide.mcu.externaltools.gnu-tools-for-stm32.11.3.rel1.win32_1.1.100.202309141235/tools/bin/../lib/gcc/arm-none-eabi/11.3.1/../../../../arm-none-eabi/lib/thumb/v7e-m+fp/hard\libc_nano.a(libc_a-init.o)

.debug_line_str
                0x0000000000000000       0x54
 .debug_line_str
                0x0000000000000000       0x54 ./Startup/startup_stm32f407vgtx.o
                                         0x6c (size before relaxing)
