20:01:25 **** Incremental Build of configuration Debug for project i2c_STM32L4_MPU6050 ****
make -j8 all 
arm-none-eabi-gcc "../Core/Src/main.c" -mcpu=cortex-m4 -std=gnu11 -g3 -DDEBUG -DUSE_HAL_DRIVER -DSTM32L432xx -c -I../Core/Inc -I../Drivers/STM32L4xx_HAL_Driver/Inc -I../Drivers/STM32L4xx_HAL_Driver/Inc/Legacy -I../Drivers/CMSIS/Device/ST/STM32L4xx/Include -I../Drivers/CMSIS/Include -O0 -ffunction-sections -fdata-sections -Wall -fstack-usage -fcyclomatic-complexity -MMD -MP -MF"Core/Src/main.d" -MT"Core/Src/main.o" --specs=nano.specs -mfpu=fpv4-sp-d16 -mfloat-abi=hard -mthumb -o "Core/Src/main.o"
../Core/Src/main.c: In function 'main':
../Core/Src/main.c:70:27: warning: variable 'ret' set but not used [-Wunused-but-set-variable]
   70 |         HAL_StatusTypeDef ret; //to store the return of the function
      |                           ^~~
arm-none-eabi-gcc -o "i2c_STM32L4_MPU6050.elf" @"objects.list"   -mcpu=cortex-m4 -T"D:\parikshit\ODHS\STM32CubeIDE\STM32\i2c_STM32L4_MPU6050\STM32L432KCUX_FLASH.ld" --specs=nosys.specs -Wl,-Map="i2c_STM32L4_MPU6050.map" -Wl,--gc-sections -static --specs=nano.specs -mfpu=fpv4-sp-d16 -mfloat-abi=hard -mthumb -Wl,--start-group -lc -lm -Wl,--end-group
Finished building target: i2c_STM32L4_MPU6050.elf
 
arm-none-eabi-size  i2c_STM32L4_MPU6050.elf 
arm-none-eabi-objdump -h -S i2c_STM32L4_MPU6050.elf  > "i2c_STM32L4_MPU6050.list"
   text	   data	    bss	    dec	    hex	filename
  10052	     20	   1652	  11724	   2dcc	i2c_STM32L4_MPU6050.elf
Finished building: default.size.stdout
 
Finished building: i2c_STM32L4_MPU6050.list
 
